Component: ARM Compiler 5.06 update 3 (build 300) Tool: armlink [4d35c9]

==============================================================================

Section Cross References

    stm32f10x_it.o(i.ADC1_2_IRQHandler) refers to stm32f10x_adc.o(i.ADC_GetITStatus) for ADC_GetITStatus
    stm32f10x_it.o(i.ADC1_2_IRQHandler) refers to stm32f10x_adc.o(i.ADC_ClearITPendingBit) for ADC_ClearITPendingBit
    stm32f10x_it.o(i.ADC1_2_IRQHandler) refers to stm32f10x_adc.o(i.ADC_GetConversionValue) for ADC_GetConversionValue
    stm32f10x_it.o(i.ADC1_2_IRQHandler) refers to main.o(.data) for tempADC
    stm32f10x_it.o(i.EXTI9_5_IRQHandler) refers to stm32f10x_exti.o(i.EXTI_ClearITPendingBit) for EXTI_ClearITPendingBit
    stm32f10x_it.o(i.SysTick_Handler) refers to modbus.o(i.MB) for MB
    stm32f10x_it.o(i.SysTick_Handler) refers to delay.o(i.DelayTick) for DelayTick
    stm32f10x_it.o(i.SysTick_Handler) refers to modbus.o(i.TimeoutTick) for TimeoutTick
    stm32f10x_it.o(i.TIM4_IRQHandler) refers to stm32f10x_tim.o(i.TIM_GetITStatus) for TIM_GetITStatus
    stm32f10x_it.o(i.TIM4_IRQHandler) refers to stm32f10x_tim.o(i.TIM_ClearITPendingBit) for TIM_ClearITPendingBit
    stm32f10x_it.o(i.TIM4_IRQHandler) refers to modbus.o(i.Timer50usTick) for Timer50usTick
    stm32f10x_it.o(i.USART1_IRQHandler) refers to stm32f10x_usart.o(i.USART_GetITStatus) for USART_GetITStatus
    stm32f10x_it.o(i.USART1_IRQHandler) refers to stm32f10x_usart.o(i.USART_ClearITPendingBit) for USART_ClearITPendingBit
    stm32f10x_it.o(i.USART1_IRQHandler) refers to modbus.o(i.SetCharacterReceived) for SetCharacterReceived
    stm32f10x_it.o(i.USART1_IRQHandler) refers to modbus.o(i.SetCharacterReadyToTransmit) for SetCharacterReadyToTransmit
    delay.o(i.Delay) refers to delay.o(.data) for msc
    delay.o(i.DelayTick) refers to delay.o(.data) for msc
    delay.o(i.Delay_ms) refers to delay.o(i.Delay) for Delay
    main.o(i.ADC1_Config) refers to stm32f10x_adc.o(i.ADC_DeInit) for ADC_DeInit
    main.o(i.ADC1_Config) refers to stm32f10x_adc.o(i.ADC_Init) for ADC_Init
    main.o(i.ADC1_Config) refers to stm32f10x_adc.o(i.ADC_RegularChannelConfig) for ADC_RegularChannelConfig
    main.o(i.ADC1_Config) refers to stm32f10x_adc.o(i.ADC_ExternalTrigConvCmd) for ADC_ExternalTrigConvCmd
    main.o(i.ADC1_Config) refers to stm32f10x_adc.o(i.ADC_ITConfig) for ADC_ITConfig
    main.o(i.ADC1_Config) refers to stm32f10x_adc.o(i.ADC_Cmd) for ADC_Cmd
    main.o(i.ADC1_Config) refers to stm32f10x_adc.o(i.ADC_ResetCalibration) for ADC_ResetCalibration
    main.o(i.ADC1_Config) refers to stm32f10x_adc.o(i.ADC_GetResetCalibrationStatus) for ADC_GetResetCalibrationStatus
    main.o(i.ADC1_Config) refers to stm32f10x_adc.o(i.ADC_StartCalibration) for ADC_StartCalibration
    main.o(i.ADC1_Config) refers to stm32f10x_adc.o(i.ADC_GetCalibrationStatus) for ADC_GetCalibrationStatus
    main.o(i.Communication_Get) refers to stm32f10x_usart.o(i.USART_ReceiveData) for USART_ReceiveData
    main.o(i.Communication_Get) refers to modbus.o(i.SetCharacterReceived) for SetCharacterReceived
    main.o(i.Communication_Mode) refers to stm32f10x_usart.o(i.USART_ITConfig) for USART_ITConfig
    main.o(i.Communication_Put) refers to stm32f10x_usart.o(i.USART_SendData) for USART_SendData
    main.o(i.Disable50usTimer) refers to stm32f10x_tim.o(i.TIM_ITConfig) for TIM_ITConfig
    main.o(i.Enable50usTimer) refers to stm32f10x_tim.o(i.TIM_ITConfig) for TIM_ITConfig
    main.o(i.GPIO_Config) refers to stm32f10x_gpio.o(i.GPIO_Init) for GPIO_Init
    main.o(i.GPIO_Config) refers to stm32f10x_gpio.o(i.GPIO_ResetBits) for GPIO_ResetBits
    main.o(i.KB2char) refers to stm32f10x_gpio.o(i.GPIO_SetBits) for GPIO_SetBits
    main.o(i.KB2char) refers to stm32f10x_gpio.o(i.GPIO_ResetBits) for GPIO_ResetBits
    main.o(i.KB2char) refers to delay.o(i.Delay_ms) for Delay_ms
    main.o(i.KB2char) refers to stm32f10x_gpio.o(i.GPIO_ReadInputDataBit) for GPIO_ReadInputDataBit
    main.o(i.LCD_Refresh) refers to _printf_pad.o(.text) for _printf_pre_padding
    main.o(i.LCD_Refresh) refers to _printf_percent.o(.ARM.Collect$$_printf_percent$$00000000) for _printf_percent
    main.o(i.LCD_Refresh) refers to _printf_f.o(.ARM.Collect$$_printf_percent$$00000003) for _printf_f
    main.o(i.LCD_Refresh) refers to printf1.o(x$fpl$printf1) for _printf_fp_dec
    main.o(i.LCD_Refresh) refers to lcd_hd44780.o(i.LCD_GoTo) for LCD_GoTo
    main.o(i.LCD_Refresh) refers to dflt_clz.o(x$fpl$dfltu) for __aeabi_ui2d
    main.o(i.LCD_Refresh) refers to dmul.o(x$fpl$dmul) for __aeabi_dmul
    main.o(i.LCD_Refresh) refers to ddiv.o(x$fpl$ddiv) for __aeabi_ddiv
    main.o(i.LCD_Refresh) refers to daddsub_clz.o(x$fpl$dsub) for __aeabi_dsub
    main.o(i.LCD_Refresh) refers to d2f.o(x$fpl$d2f) for __aeabi_d2f
    main.o(i.LCD_Refresh) refers to f2d.o(x$fpl$f2d) for __aeabi_f2d
    main.o(i.LCD_Refresh) refers to noretval__2sprintf.o(.text) for __2sprintf
[...]
    CL$$btod_emul                            0x08000fa4   Section       40  btod.o(CL$$btod_emul)
    CL$$btod_mult_common                     0x08000fcc   Section      580  btod.o(CL$$btod_mult_common)
    i.ADC1_2_IRQHandler                      0x08001210   Section        0  stm32f10x_it.o(i.ADC1_2_IRQHandler)
    i.ADC1_Config                            0x0800123c   Section        0  main.o(i.ADC1_Config)
    i.ADC_ClearITPendingBit                  0x080012c0   Section        0  stm32f10x_adc.o(i.ADC_ClearITPendingBit)
    i.ADC_Cmd                                0x080012ca   Section        0  stm32f10x_adc.o(i.ADC_Cmd)
    i.ADC_DeInit                             0x080012e0   Section        0  stm32f10x_adc.o(i.ADC_DeInit)
    i.ADC_ExternalTrigConvCmd                0x0800133c   Section        0  stm32f10x_adc.o(i.ADC_ExternalTrigConvCmd)
    i.ADC_GetCalibrationStatus               0x08001352   Section        0  stm32f10x_adc.o(i.ADC_GetCalibrationStatus)
    i.ADC_GetConversionValue                 0x08001366   Section        0  stm32f10x_adc.o(i.ADC_GetConversionValue)
    i.ADC_GetITStatus                        0x0800136e   Section        0  stm32f10x_adc.o(i.ADC_GetITStatus)
    i.ADC_GetResetCalibrationStatus          0x08001392   Section        0  stm32f10x_adc.o(i.ADC_GetResetCalibrationStatus)
    i.ADC_ITConfig                           0x080013a6   Section        0  stm32f10x_adc.o(i.ADC_ITConfig)
    i.ADC_Init                               0x080013c0   Section        0  stm32f10x_adc.o(i.ADC_Init)
    i.ADC_RegularChannelConfig               0x08001410   Section        0  stm32f10x_adc.o(i.ADC_RegularChannelConfig)
    i.ADC_ResetCalibration                   0x080014c8   Section        0  stm32f10x_adc.o(i.ADC_ResetCalibration)
    i.ADC_StartCalibration                   0x080014d2   Section        0  stm32f10x_adc.o(i.ADC_StartCalibration)
    i.BusFault_Handler                       0x080014dc   Section        0  stm32f10x_it.o(i.BusFault_Handler)
    i.CRC16                                  0x080014e0   Section        0  crc16.o(i.CRC16)
    i.Communication_Get                      0x08001518   Section        0  main.o(i.Communication_Get)
    i.Communication_Mode                     0x08001530   Section        0  main.o(i.Communication_Mode)
    i.Communication_Put                      0x08001554   Section        0  main.o(i.Communication_Put)
    i.DMA1_Channel1_IRQHandler               0x08001568   Section        0  stm32f10x_it.o(i.DMA1_Channel1_IRQHandler)
    i.DMA1_Channel2_IRQHandler               0x0800156a   Section        0  stm32f10x_it.o(i.DMA1_Channel2_IRQHandler)
    i.DMA1_Channel3_IRQHandler               0x0800156c   Section        0  stm32f10x_it.o(i.DMA1_Channel3_IRQHandler)
    i.DMA1_Channel4_IRQHandler               0x0800156e   Section        0  stm32f10x_it.o(i.DMA1_Channel4_IRQHandler)
    i.DMA1_Channel5_IRQHandler               0x08001570   Section        0  stm32f10x_it.o(i.DMA1_Channel5_IRQHandler)
    i.DMA1_Channel6_IRQHandler               0x08001572   Section        0  stm32f10x_it.o(i.DMA1_Channel6_IRQHandler)
    i.DMA1_Channel7_IRQHandler               0x08001574   Section        0  stm32f10x_it.o(i.DMA1_Channel7_IRQHandler)
    i.DebugMon_Handler                       0x08001576   Section        0  stm32f10x_it.o(i.DebugMon_Handler)
    i.Delay                                  0x08001578   Section        0  delay.o(i.Delay)
    i.DelayTick                              0x0800158c   Section        0  delay.o(i.DelayTick)
    i.Delay_ms                               0x080015a4   Section        0  delay.o(i.Delay_ms)
    i.Disable50usTimer                       0x080015b4   Section        0  main.o(i.Disable50usTimer)
    i.EXTI0_IRQHandler                       0x080015c8   Section        0  stm32f10x_it.o(i.EXTI0_IRQHandler)
    i.EXTI15_10_IRQHandler                   0x080015ca   Section        0  stm32f10x_it.o(i.EXTI15_10_IRQHandler)
    i.EXTI1_IRQHandler                       0x080015cc   Section        0  stm32f10x_it.o(i.EXTI1_IRQHandler)
    i.EXTI2_IRQHandler                       0x080015ce   Section        0  stm32f10x_it.o(i.EXTI2_IRQHandler)
    i.EXTI3_IRQHandler                       0x080015d0   Section        0  stm32f10x_it.o(i.EXTI3_IRQHandler)
    i.EXTI4_IRQHandler                       0x080015d2   Section        0  stm32f10x_it.o(i.EXTI4_IRQHandler)
    i.EXTI9_5_IRQHandler                     0x080015d4   Section        0  stm32f10x_it.o(i.EXTI9_5_IRQHandler)
    i.EXTI_ClearITPendingBit                 0x080015e0   Section        0  stm32f10x_exti.o(i.EXTI_ClearITPendingBit)
    i.EXTI_Init                              0x080015ec   Section        0  stm32f10x_exti.o(i.EXTI_Init)
    i.Enable50usTimer                        0x08001680   Section        0  main.o(i.Enable50usTimer)
    i.FLASH_IRQHandler                       0x08001694   Section        0  stm32f10x_it.o(i.FLASH_IRQHandler)
    i.FLASH_PrefetchBufferCmd                0x08001698   Section        0  stm32f10x_flash.o(i.FLASH_PrefetchBufferCmd)
    i.FLASH_SetLatency                       0x080016b4   Section        0  stm32f10x_flash.o(i.FLASH_SetLatency)
    i.GPIO_Config                            0x080016cc   Section        0  main.o(i.GPIO_Config)
    i.GPIO_EXTILineConfig                    0x08001788   Section        0  stm32f10x_gpio.o(i.GPIO_EXTILineConfig)
    i.GPIO_Init                              0x080017c8   Section        0  stm32f10x_gpio.o(i.GPIO_Init)
    i.GPIO_ReadInputDataBit                  0x080018de   Section        0  stm32f10x_gpio.o(i.GPIO_ReadInputDataBit)
    i.GPIO_ResetBits                         0x080018f0   Section        0  stm32f10x_gpio.o(i.GPIO_ResetBits)
    i.GPIO_WriteBit                          0x080018f4   Section        0  stm32f10x_gpio.o(i.GPIO_WriteBit)
    i.HardFault_Handler                      0x080018fe   Section        0  stm32f10x_it.o(i.HardFault_Handler)
    i.I2C1_ER_IRQHandler                     0x08001902   Section        0  stm32f10x_it.o(i.I2C1_ER_IRQHandler)
    i.I2C1_EV_IRQHandler                     0x08001904   Section        0  stm32f10x_it.o(i.I2C1_EV_IRQHandler)
    i.I2C2_ER_IRQHandler                     0x08001906   Section        0  stm32f10x_it.o(i.I2C2_ER_IRQHandler)
    i.I2C2_EV_IRQHandler                     0x08001908   Section        0  stm32f10x_it.o(i.I2C2_EV_IRQHandler)
    i.Is50usTimerStarted                     0x0800190c   Section        0  modbus.o(i.Is50usTimerStarted)
    i.Ist15Expired                           0x08001918   Section        0  modbus.o(i.Ist15Expired)
    i.Ist35Expired                           0x08001924   Section        0  modbus.o(i.Ist35Expired)
    i.LCD_GoTo                               0x08001930   Section        0  lcd_hd44780.o(i.LCD_GoTo)
    i.LCD_Initialize                         0x08001948   Section        0  lcd_hd44780.o(i.LCD_Initialize)
    i.LCD_ReadNibble                         0x08001a00   Section        0  lcd_hd44780.o(i.LCD_ReadNibble)
    i.LCD_ReadStatus                         0x08001a58   Section        0  lcd_hd44780.o(i.LCD_ReadStatus)
    i.LCD_Refresh                            0x08001ab0   Section        0  main.o(i.LCD_Refresh)
    i.LCD_WriteCommand                       0x08001b54   Section        0  lcd_hd44780.o(i.LCD_WriteCommand)
    i.LCD_WriteData                          0x08001b94   Section        0  lcd_hd44780.o(i.LCD_WriteData)
    i.LCD_WriteNibble                        0x08001bd0   Section        0  lcd_hd44780.o(i.LCD_WriteNibble)
    i.LCD_WriteText                          0x08001c50   Section        0  lcd_hd44780.o(i.LCD_WriteText)
    i.MB                                     0x08001c68   Section        0  modbus.o(i.MB)
    i.MB_Buf_append                          0x08001dd0   Section        0  modbus.o(i.MB_Buf_append)
    i.MB_Buf_clear                           0x08001dfc   Section        0  modbus.o(i.MB_Buf_clear)
    i.MB_Buf_control                         0x08001e24   Section        0  modbus.o(i.MB_Buf_control)
    i.MB_Buf_pop                             0x08001e5c   Section        0  modbus.o(i.MB_Buf_pop)
    i.MB_Buf_process_master                  0x08001eb4   Section        0  modbus.o(i.MB_Buf_process_master)
    i.MB_Config                              0x08001eb8   Section        0  modbus.o(i.MB_Config)
    i.MB_GetResponse                         0x08001ef4   Section        0  modbus.o(i.MB_GetResponse)
    i.MB_SendRequest                         0x08001f78   Section        0  modbus.o(i.MB_SendRequest)
    i.MemManage_Handler                      0x0800202c   Section        0  stm32f10x_it.o(i.MemManage_Handler)
    i.NMI_Handler                            0x08002030   Section        0  stm32f10x_it.o(i.NMI_Handler)
    i.NVIC_ClearPendingIRQ                   0x08002034   Section        0  main.o(i.NVIC_ClearPendingIRQ)
    NVIC_ClearPendingIRQ                     0x08002035   Thumb Code    18  main.o(i.NVIC_ClearPendingIRQ)
    i.NVIC_Config                            0x0800204c   Section        0  main.o(i.NVIC_Config)
    i.NVIC_EnableIRQ                         0x08002188   Section        0  main.o(i.NVIC_EnableIRQ)
    NVIC_EnableIRQ                           0x08002189   Thumb Code    22  main.o(i.NVIC_EnableIRQ)
    i.NVIC_Init                              0x080021a0   Section        0  misc.o(i.NVIC_Init)
    i.NVIC_PriorityGroupConfig               0x08002210   Section        0  misc.o(i.NVIC_PriorityGroupConfig)
    i.NVIC_SetPriority                       0x08002224   Section        0  main.o(i.NVIC_SetPriority)
    NVIC_SetPriority                         0x08002225   Thumb Code    32  main.o(i.NVIC_SetPriority)
    i.NVIC_SetVectorTable                    0x0800224c   Section        0  misc.o(i.NVIC_SetVectorTable)
    i.PVD_IRQHandler                         0x08002260   Section        0  stm32f10x_it.o(i.PVD_IRQHandler)
    i.PendSV_Handler                         0x08002262   Section        0  stm32f10x_it.o(i.PendSV_Handler)
    i.RCC_ADCCLKConfig                       0x08002264   Section        0  stm32f10x_rcc.o(i.RCC_ADCCLKConfig)
    i.RCC_APB1PeriphClockCmd                 0x0800227c   Section        0  stm32f10x_rcc.o(i.RCC_APB1PeriphClockCmd)
    i.RCC_APB2PeriphClockCmd                 0x0800229c   Section        0  stm32f10x_rcc.o(i.RCC_APB2PeriphClockCmd)
    i.RCC_APB2PeriphResetCmd                 0x080022bc   Section        0  stm32f10x_rcc.o(i.RCC_APB2PeriphResetCmd)
    i.RCC_Config                             0x080022dc   Section        0  main.o(i.RCC_Config)
    i.RCC_DeInit                             0x080023a0   Section        0  stm32f10x_rcc.o(i.RCC_DeInit)
    i.RCC_GetClocksFreq                      0x080023ec   Section        0  stm32f10x_rcc.o(i.RCC_GetClocksFreq)
    i.RCC_GetFlagStatus                      0x080024c0   Section        0  stm32f10x_rcc.o(i.RCC_GetFlagStatus)
    i.RCC_GetSYSCLKSource                    0x080024fc   Section        0  stm32f10x_rcc.o(i.RCC_GetSYSCLKSource)
    i.RCC_HCLKConfig                         0x0800250c   Section        0  stm32f10x_rcc.o(i.RCC_HCLKConfig)
    i.RCC_HSEConfig                          0x08002524   Section        0  stm32f10x_rcc.o(i.RCC_HSEConfig)
    i.RCC_IRQHandler                         0x08002570   Section        0  stm32f10x_it.o(i.RCC_IRQHandler)
    i.RCC_PCLK1Config                        0x08002574   Section        0  stm32f10x_rcc.o(i.RCC_PCLK1Config)
    i.RCC_PCLK2Config                        0x0800258c   Section        0  stm32f10x_rcc.o(i.RCC_PCLK2Config)
    i.RCC_PLLCmd                             0x080025a4   Section        0  stm32f10x_rcc.o(i.RCC_PLLCmd)
    i.RCC_PLLConfig                          0x080025b0   Section        0  stm32f10x_rcc.o(i.RCC_PLLConfig)
    i.RCC_SYSCLKConfig                       0x080025cc   Section        0  stm32f10x_rcc.o(i.RCC_SYSCLKConfig)
    i.RCC_WaitForHSEStartUp                  0x080025e4   Section        0  stm32f10x_rcc.o(i.RCC_WaitForHSEStartUp)
    i.RTCAlarm_IRQHandler                    0x0800261c   Section        0  stm32f10x_it.o(i.RTCAlarm_IRQHandler)
    i.RTC_IRQHandler                         0x0800261e   Section        0  stm32f10x_it.o(i.RTC_IRQHandler)
    i.Reset50usTimer                         0x08002620   Section        0  modbus.o(i.Reset50usTimer)
    i.SPI1_IRQHandler                        0x0800263c   Section        0  stm32f10x_it.o(i.SPI1_IRQHandler)
    i.SPI2_IRQHandler                        0x0800263e   Section        0  stm32f10x_it.o(i.SPI2_IRQHandler)
    i.SVC_Handler                            0x08002640   Section        0  stm32f10x_it.o(i.SVC_Handler)
    i.Set50usTimer                           0x08002644   Section        0  modbus.o(i.Set50usTimer)
    i.SetCharacterReadyToTransmit            0x0800267c   Section        0  modbus.o(i.SetCharacterReadyToTransmit)
    i.SetCharacterReceived                   0x080026a0   Section        0  modbus.o(i.SetCharacterReceived)
    i.SetTimeout                             0x080026ac   Section        0  modbus.o(i.SetTimeout)
    i.Start50usTimer                         0x080026c0   Section        0  modbus.o(i.Start50usTimer)
    i.Stop50usTimer                          0x080026ec   Section        0  modbus.o(i.Stop50usTimer)
    i.SysTick_CLKSourceConfig                0x08002700   Section        0  misc.o(i.SysTick_CLKSourceConfig)
    i.SysTick_Handler                        0x08002728   Section        0  stm32f10x_it.o(i.SysTick_Handler)
    i.TAMPER_IRQHandler                      0x08002738   Section        0  stm32f10x_it.o(i.TAMPER_IRQHandler)
    i.TIM1_BRK_IRQHandler                    0x0800273a   Section        0  stm32f10x_it.o(i.TIM1_BRK_IRQHandler)
    i.TIM1_CC_IRQHandler                     0x0800273c   Section        0  stm32f10x_it.o(i.TIM1_CC_IRQHandler)
    i.TIM1_TRG_COM_IRQHandler                0x0800273e   Section        0  stm32f10x_it.o(i.TIM1_TRG_COM_IRQHandler)
    i.TIM1_UP_IRQHandler                     0x08002740   Section        0  stm32f10x_it.o(i.TIM1_UP_IRQHandler)
    i.TIM2_Config                            0x08002742   Section        0  main.o(i.TIM2_Config)
    i.TIM2_IRQHandler                        0x0800279e   Section        0  stm32f10x_it.o(i.TIM2_IRQHandler)
    i.TIM3_IRQHandler                        0x080027a0   Section        0  stm32f10x_it.o(i.TIM3_IRQHandler)
    i.TIM4_Config                            0x080027a4   Section        0  main.o(i.TIM4_Config)
    i.TIM4_IRQHandler                        0x080027e0   Section        0  stm32f10x_it.o(i.TIM4_IRQHandler)
    i.TIM_ClearITPendingBit                  0x08002800   Section        0  stm32f10x_tim.o(i.TIM_ClearITPendingBit)
    i.TIM_Cmd                                0x08002806   Section        0  stm32f10x_tim.o(i.TIM_Cmd)
    i.TIM_GetITStatus                        0x0800281e   Section        0  stm32f10x_tim.o(i.TIM_GetITStatus)
    i.TIM_ITConfig                           0x08002840   Section        0  stm32f10x_tim.o(i.TIM_ITConfig)
    i.TIM_OC2Init                            0x08002854   Section        0  stm32f10x_tim.o(i.TIM_OC2Init)
    i.TIM_TimeBaseInit                       0x080028f8   Section        0  stm32f10x_tim.o(i.TIM_TimeBaseInit)
    i.TimeoutPassed                          0x0800299c   Section        0  modbus.o(i.TimeoutPassed)
    i.TimeoutTick                            0x080029b0   Section        0  modbus.o(i.TimeoutTick)
    i.Timer50usTick                          0x080029c8   Section        0  modbus.o(i.Timer50usTick)
    i.USART1_Config                          0x08002a20   Section        0  main.o(i.USART1_Config)
    i.USART1_IRQHandler                      0x08002a78   Section        0  stm32f10x_it.o(i.USART1_IRQHandler)
    i.USART2_IRQHandler                      0x08002ab8   Section        0  stm32f10x_it.o(i.USART2_IRQHandler)
    i.USART3_IRQHandler                      0x08002aba   Section        0  stm32f10x_it.o(i.USART3_IRQHandler)
    i.USART_ClearITPendingBit                0x08002abc   Section        0  stm32f10x_usart.o(i.USART_ClearITPendingBit)
    i.USART_Cmd                              0x08002ada   Section        0  stm32f10x_usart.o(i.USART_Cmd)
    i.USART_GetITStatus                      0x08002af2   Section        0  stm32f10x_usart.o(i.USART_GetITStatus)
    i.USART_ITConfig                         0x08002b46   Section        0  stm32f10x_usart.o(i.USART_ITConfig)
    i.USART_Init                             0x08002b90   Section        0  stm32f10x_usart.o(i.USART_Init)
    i.USART_ReceiveData                      0x08002c68   Section        0  stm32f10x_usart.o(i.USART_ReceiveData)
    i.USART_SendData                         0x08002c72   Section        0  stm32f10x_usart.o(i.USART_SendData)
    i.USBWakeUp_IRQHandler                   0x08002c7a   Section        0  stm32f10x_it.o(i.USBWakeUp_IRQHandler)
    i.UsageFault_Handler                     0x08002c7c   Section        0  stm32f10x_it.o(i.UsageFault_Handler)
    i.WWDG_IRQHandler                        0x08002c80   Section        0  stm32f10x_it.o(i.WWDG_IRQHandler)
    i.__ARM_fpclassify                       0x08002c82   Section        0  fpclassify.o(i.__ARM_fpclassify)
    i._is_digit                              0x08002caa   Section        0  __printf_wp.o(i._is_digit)
    i.main                                   0x08002cb8   Section        0  main.o(i.main)
    locale$$code                             0x08002ecc   Section       44  lc_numeric_c.o(locale$$code)
    x$fpl$d2f                                0x08002ef8   Section       98  d2f.o(x$fpl$d2f)
    x$fpl$dadd                               0x08002f5c   Section      336  daddsub_clz.o(x$fpl$dadd)
    _dadd1                                   0x08002f6d   Thumb Code     0  daddsub_clz.o(x$fpl$dadd)
    x$fpl$dcmpinf                            0x080030ac   Section       24  dcmpi.o(x$fpl$dcmpinf)
    x$fpl$ddiv                               0x080030c4   Section      688  ddiv.o(x$fpl$ddiv)
    ddiv_entry                               0x080030cb   Thumb Code     0  ddiv.o(x$fpl$ddiv)
    x$fpl$dfltu                              0x08003374   Section       38  dflt_clz.o(x$fpl$dfltu)
    x$fpl$dleqf                              0x0800339c   Section      120  dleqf.o(x$fpl$dleqf)
    x$fpl$dmul                               0x08003414   Section      340  dmul.o(x$fpl$dmul)
    x$fpl$dnaninf                            0x08003568   Section      156  dnaninf.o(x$fpl$dnaninf)
    x$fpl$dretinf                            0x08003604   Section       12  dretinf.o(x$fpl$dretinf)
    x$fpl$dsub                               0x08003610   Section      468  daddsub_clz.o(x$fpl$dsub)
    _dsub1                                   0x08003621   Thumb Code     0  daddsub_clz.o(x$fpl$dsub)
    x$fpl$f2d                                0x080037e4   Section       86  f2d.o(x$fpl$f2d)
    x$fpl$fcmpinf                            0x0800383a   Section       24  fcmpi.o(x$fpl$fcmpinf)
    x$fpl$fdiv                               0x08003854   Section      388  fdiv.o(x$fpl$fdiv)
    _fdiv1                                   0x08003855   Thumb Code     0  fdiv.o(x$fpl$fdiv)
    x$fpl$ffltu                              0x080039d8   Section       38  fflt_clz.o(x$fpl$ffltu)
    x$fpl$fleqf                              0x08003a00   Section      104  fleqf.o(x$fpl$fleqf)
    x$fpl$fnaninf                            0x08003a68   Section      140  fnaninf.o(x$fpl$fnaninf)
    x$fpl$fretinf                            0x08003af4   Section       10  fretinf.o(x$fpl$fretinf)
    x$fpl$frleqf                             0x08003afe   Section       98  frleqf.o(x$fpl$frleqf)
    x$fpl$printf1                            0x08003b60   Section        4  printf1.o(x$fpl$printf1)
    .constdata                               0x08003b64   Section      512  crc16.o(.constdata)
    x$fpl$usenofp                            0x08003b64   Section        0  usenofp.o(x$fpl$usenofp)
    aucCRCHi                                 0x08003b64   Data         256  crc16.o(.constdata)
    aucCRCLo                                 0x08003c64   Data         256  crc16.o(.constdata)
    .constdata                               0x08003d64   Section      148  bigflt0.o(.constdata)
    tenpwrs_x                                0x08003d64   Data          60  bigflt0.o(.constdata)
    tenpwrs_i                                0x08003da0   Data          64  bigflt0.o(.constdata)
    locale$$data                             0x08003e18   Section       28  lc_numeric_c.o(locale$$data)
    __lcnum_c_name                           0x08003e1c   Data           2  lc_numeric_c.o(locale$$data)
    __lcnum_c_start                          0x08003e24   Data           0  lc_numeric_c.o(locale$$data)
    __lcnum_c_point                          0x08003e30   Data           0  lc_numeric_c.o(locale$$data)
    __lcnum_c_thousands                      0x08003e32   Data           0  lc_numeric_c.o(locale$$data)
    __lcnum_c_grouping                       0x08003e33   Data           0  lc_numeric_c.o(locale$$data)
    __lcnum_c_end                            0x08003e34   Data           0  lc_numeric_c.o(locale$$data)
    .data                                    0x20000000   Section        8  delay.o(.data)
    msc                                      0x20000000   Data           4  delay.o(.data)
    numberOfQuants                           0x20000004   Data           4  delay.o(.data)
    .data                                    0x20000008   Section       48  main.o(.data)
    msc                                      0x20000008   Data           4  main.o(.data)
    numberOfQuants                           0x2000000c   Data           4  main.o(.data)
    .data                                    0x20000038   Section       20  stm32f10x_rcc.o(.data)
    APBAHBPrescTable                         0x20000038   Data          16  stm32f10x_rcc.o(.data)
    ADCPrescTable                            0x20000048   Data           4  stm32f10x_rcc.o(.data)
    .data                                    0x2000004c   Section        4  lcd_hd44780.o(.data)
    .data                                    0x20000050   Section       43  modbus.o(.data)
    MB_Buf_size                              0x2000005a   Data           2  modbus.o(.data)
    character_recieved                       0x2000005c   Data           1  modbus.o(.data)
    character_ready_to_send                  0x2000005d   Data           1  modbus.o(.data)
    demand_of_emmision                       0x2000005e   Data           1  modbus.o(.data)
    frame_ok                                 0x2000005f   Data           1  modbus.o(.data)
    response_ready                           0x20000060   Data           1  modbus.o(.data)
    state                                    0x2000007a   Data           1  modbus.o(.data)
    .bss                                     0x2000007c   Section       19  main.o(.bss)
    .bss                                     0x2000008f   Section     1024  modbus.o(.bss)
    MB_Buf                                   0x2000008f   Data        1024  modbus.o(.bss)
    .bss                                     0x20000490   Section       96  libspace.o(.bss)
    HEAP                                     0x200004f0   Section      512  startup_stm32f10x_md.o(HEAP)
    Heap_Mem                                 0x200004f0   Data         512  startup_stm32f10x_md.o(HEAP)
    STACK                                    0x200006f0   Section     1024  startup_stm32f10x_md.o(STACK)
    Stack_Mem                                0x200006f0   Data        1024  startup_stm32f10x_md.o(STACK)
    __initial_sp                             0x20000af0   Data           0  startup_stm32f10x_md.o(STACK)

    Global Symbols

    Symbol Name                              Value     Ov Type        Size  Object(Section)

    BuildAttributes$$THM_ISAv4$P$D$K$B$S$PE$A:L22UL41UL21$X:L11$S22US41US21$IEEE1$IW$USESV6$~STKCKD$USESV7$~SHL$OTIME$ROPI$IEEEJ$EBA8$UX$STANDARDLIB$REQ8$PRES8$EABIv2 0x00000000   Number         0  anon$$obj.o ABSOLUTE
    __ARM_use_no_argv                        0x00000000   Number         0  main.o ABSOLUTE
    _printf_flags                            0x00000000   Number         0  printf_stubs.o ABSOLUTE
    _printf_return_value                     0x00000000   Number         0  printf_stubs.o ABSOLUTE
    _printf_sizespec                         0x00000000   Number         0  printf_stubs.o ABSOLUTE
    _printf_widthprec                        0x00000000   Number         0  printf_stubs.o ABSOLUTE
    __ARM_exceptions_init                     - Undefined Weak Reference
    __alloca_initialize                       - Undefined Weak Reference
    __arm_preinit_                            - Undefined Weak Reference
    __cpp_initialize__aeabi_                  - Undefined Weak Reference
    __cxa_finalize                            - Undefined Weak Reference
    __sigvec_lookup                           - Undefined Weak Reference
    _atexit_init                              - Undefined Weak Reference
    _call_atexit_fns                          - Undefined Weak Reference
    _clock_init                               - Undefined Weak Reference
    _fp_trap_init                             - Undefined Weak Reference
    _fp_trap_shutdown                         - Undefined Weak Reference
    _get_lc_collate                           - Undefined Weak Reference
    _get_lc_ctype                             - Undefined Weak Reference
    _get_lc_monetary                          - Undefined Weak Reference
    _get_lc_time                              - Undefined Weak Reference
    _getenv_init                              - Undefined Weak Reference
    _handle_redirection                       - Undefined Weak Reference
    _init_alloc                               - Undefined Weak Reference
    _init_user_alloc                          - Undefined Weak Reference
    _initio                                   - Undefined Weak Reference
    _rand_init                                - Undefined Weak Reference
    _signal_finish                            - Undefined Weak Reference
    _signal_init                              - Undefined Weak Reference
    _terminate_alloc                          - Undefined Weak Reference
    _terminate_user_alloc                     - Undefined Weak Reference
    _terminateio                              - Undefined Weak Reference
    __Vectors_Size                           0x000000ec   Number         0  startup_stm32f10x_md.o ABSOLUTE
    __Vectors                                0x08000000   Data           4  startup_stm32f10x_md.o(RESET)
    __Vectors_End                            0x080000ec   Data           0  startup_stm32f10x_md.o(RESET)
    __main                                   0x080000ed   Thumb Code     8  __main.o(!!!main)
    __scatterload                            0x080000f5   Thumb Code     0  __scatter.o(!!!scatter)
    __scatterload_rt2                        0x080000f5   Thumb Code    44  __scatter.o(!!!scatter)
    __scatterload_rt2_thumb_only             0x080000f5   Thumb Code     0  __scatter.o(!!!scatter)
    __scatterload_null                       0x08000103   Thumb Code     0  __scatter.o(!!!scatter)
    __scatterload_copy                       0x08000129   Thumb Code    26  __scatter_copy.o(!!handler_copy)
    __scatterload_zeroinit                   0x08000145   Thumb Code    28  __scatter_zi.o(!!handler_zi)
    _printf_f                                0x08000161   Thumb Code     0  _printf_f.o(.ARM.Collect$$_printf_percent$$00000003)
    _printf_percent                          0x08000161   Thumb Code     0  _printf_percent.o(.ARM.Collect$$_printf_percent$$00000000)
    _printf_percent_end                      0x08000167   Thumb Code     0  _printf_percent_end.o(.ARM.Collect$$_printf_percent$$00000017)
    __rt_lib_init                            0x0800016b   Thumb Code     0  libinit.o(.ARM.Collect$$libinit$$00000000)
    __rt_lib_init_fp_1                       0x0800016d   Thumb Code     0  libinit2.o(.ARM.Collect$$libinit$$00000002)
    __rt_lib_init_heap_1                     0x0800016d   Thumb Code     0  libinit2.o(.ARM.Collect$$libinit$$0000000A)
    __rt_lib_init_lc_common                  0x0800016d   Thumb Code     0  libinit2.o(.ARM.Collect$$libinit$$0000000F)
    __rt_lib_init_preinit_1                  0x0800016d   Thumb Code     0  libinit2.o(.ARM.Collect$$libinit$$00000004)
    __rt_lib_init_rand_1                     0x0800016d   Thumb Code     0  libinit2.o(.ARM.Collect$$libinit$$0000000E)
    __rt_lib_init_user_alloc_1               0x0800016d   Thumb Code     0  libinit2.o(.ARM.Collect$$libinit$$0000000C)
    __rt_lib_init_lc_collate_1               0x08000173   Thumb Code     0  libinit2.o(.ARM.Collect$$libinit$$00000011)
    __rt_lib_init_lc_ctype_1                 0x08000173   Thumb Code     0  libinit2.o(.ARM.Collect$$libinit$$00000013)
    __rt_lib_init_lc_monetary_1              0x08000173   Thumb Code     0  libinit2.o(.ARM.Collect$$libinit$$00000015)
    __rt_lib_init_lc_numeric_2               0x08000173   Thumb Code     0  libinit2.o(.ARM.Collect$$libinit$$00000016)
    __rt_lib_init_alloca_1                   0x0800017d   Thumb Code     0  libinit2.o(.ARM.Collect$$libinit$$0000002E)
    __rt_lib_init_argv_1                     0x0800017d   Thumb Code     0  libinit2.o(.ARM.Collect$$libinit$$0000002C)
    __rt_lib_init_atexit_1                   0x0800017d   Thumb Code     0  libinit2.o(.ARM.Collect$$libinit$$0000001B)
    __rt_lib_init_clock_1                    0x0800017d   Thumb Code     0  libinit2.o(.ARM.Collect$$libinit$$00000021)
    __rt_lib_init_cpp_1                      0x0800017d   Thumb Code     0  libinit2.o(.ARM.Collect$$libinit$$00000032)
    __rt_lib_init_exceptions_1               0x0800017d   Thumb Code     0  libinit2.o(.ARM.Collect$$libinit$$00000030)
    __rt_lib_init_fp_trap_1                  0x0800017d   Thumb Code     0  libinit2.o(.ARM.Collect$$libinit$$0000001F)
    __rt_lib_init_getenv_1                   0x0800017d   Thumb Code     0  libinit2.o(.ARM.Collect$$libinit$$00000023)
    __rt_lib_init_lc_numeric_1               0x0800017d   Thumb Code     0  libinit2.o(.ARM.Collect$$libinit$$00000017)
    __rt_lib_init_lc_time_1                  0x0800017d   Thumb Code     0  libinit2.o(.ARM.Collect$$libinit$$00000019)
    __rt_lib_init_return                     0x0800017d   Thumb Code     0  libinit2.o(.ARM.Collect$$libinit$$00000033)
    __rt_lib_init_signal_1                   0x0800017d   Thumb Code     0  libinit2.o(.ARM.Collect$$libinit$$0000001D)
    __rt_lib_init_stdio_1                    0x0800017d   Thumb Code     0  libinit2.o(.ARM.Collect$$libinit$$00000025)
    __rt_lib_shutdown                        0x0800017f   Thumb Code     0  libshutdown.o(.ARM.Collect$$libshutdown$$00000000)
    __rt_lib_shutdown_cpp_1                  0x08000181   Thumb Code     0  libshutdown2.o(.ARM.Collect$$libshutdown$$00000002)
    __rt_lib_shutdown_fp_trap_1              0x08000181   Thumb Code     0  libshutdown2.o(.ARM.Collect$$libshutdown$$00000007)
    __rt_lib_shutdown_heap_1                 0x08000181   Thumb Code     0  libshutdown2.o(.ARM.Collect$$libshutdown$$0000000F)
    __rt_lib_shutdown_return                 0x08000181   Thumb Code     0  libshutdown2.o(.ARM.Collect$$libshutdown$$00000010)
    __rt_lib_shutdown_signal_1               0x08000181   Thumb Code     0  libshutdown2.o(.ARM.Collect$$libshutdown$$0000000A)
    __rt_lib_shutdown_stdio_1                0x08000181   Thumb Code     0  libshutdown2.o(.ARM.Collect$$libshutdown$$00000004)
    __rt_lib_shutdown_user_alloc_1           0x08000181   Thumb Code     0  libshutdown2.o(.ARM.Collect$$libshutdown$$0000000C)
    __rt_entry                               0x08000183   Thumb Code     0  __rtentry.o(.ARM.Collect$$rtentry$$00000000)
    __rt_entry_presh_1                       0x08000183   Thumb Code     0  __rtentry2.o(.ARM.Collect$$rtentry$$00000002)
    __rt_entry_sh                            0x08000183   Thumb Code     0  __rtentry4.o(.ARM.Collect$$rtentry$$00000004)
    __rt_entry_li                            0x08000189   Thumb Code     0  __rtentry2.o(.ARM.Collect$$rtentry$$0000000A)
    __rt_entry_postsh_1                      0x08000189   Thumb Code     0  __rtentry2.o(.ARM.Collect$$rtentry$$00000009)
    __rt_entry_main                          0x0800018d   Thumb Code     0  __rtentry2.o(.ARM.Collect$$rtentry$$0000000D)
    __rt_entry_postli_1                      0x0800018d   Thumb Code     0  __rtentry2.o(.ARM.Collect$$rtentry$$0000000C)
    __rt_exit                                0x08000195   Thumb Code     0  rtexit.o(.ARM.Collect$$rtexit$$00000000)
    __rt_exit_ls                             0x08000197   Thumb Code     0  rtexit2.o(.ARM.Collect$$rtexit$$00000003)
    __rt_exit_prels_1                        0x08000197   Thumb Code     0  rtexit2.o(.ARM.Collect$$rtexit$$00000002)
    __rt_exit_exit                           0x0800019b   Thumb Code     0  rtexit2.o(.ARM.Collect$$rtexit$$00000004)
    Reset_Handler                            0x080001a1   Thumb Code     4  startup_stm32f10x_md.o(.text)
    CAN1_RX1_IRQHandler                      0x080001b7   Thumb Code     0  startup_stm32f10x_md.o(.text)
    CAN1_SCE_IRQHandler                      0x080001b7   Thumb Code     0  startup_stm32f10x_md.o(.text)
    USB_HP_CAN1_TX_IRQHandler                0x080001b7   Thumb Code     0  startup_stm32f10x_md.o(.text)
    USB_LP_CAN1_RX0_IRQHandler               0x080001b7   Thumb Code     0  startup_stm32f10x_md.o(.text)
    __user_initial_stackheap                 0x080001b9   Thumb Code     0  startup_stm32f10x_md.o(.text)
    __2sprintf                               0x080001d9   Thumb Code    34  noretval__2sprintf.o(.text)
    _printf_pre_padding                      0x08000201   Thumb Code    44  _printf_pad.o(.text)
    _printf_post_padding                     0x0800022d   Thumb Code    34  _printf_pad.o(.text)
    __printf                                 0x0800024f   Thumb Code   270  __printf_wp.o(.text)
    __use_two_region_memory                  0x0800035d   Thumb Code     2  heapauxi.o(.text)
    __rt_heap_escrow$2region                 0x0800035f   Thumb Code     2  heapauxi.o(.text)
    __rt_heap_expand$2region                 0x08000361   Thumb Code     2  heapauxi.o(.text)
    __lib_sel_fp_printf                      0x08000363   Thumb Code     2  _printf_fp_dec.o(.text)
    _printf_fp_dec_real                      0x08000511   Thumb Code   620  _printf_fp_dec.o(.text)
    _printf_char_common                      0x08000787   Thumb Code    32  _printf_char_common.o(.text)
    _sputc                                   0x080007ad   Thumb Code    10  _sputc.o(.text)
    __rt_locale                              0x080007b9   Thumb Code     8  rt_locale_intlibspace.o(.text)
    _ll_udiv10                               0x080007c1   Thumb Code   138  lludiv10.o(.text)
    _printf_fp_infnan                        0x0800084d   Thumb Code   112  _printf_fp_infnan.o(.text)
    _btod_etento                             0x080008cd   Thumb Code   216  bigflt0.o(.text)
    __user_libspace                          0x080009a9   Thumb Code     8  libspace.o(.text)
    __user_perproc_libspace                  0x080009a9   Thumb Code     0  libspace.o(.text)
    __user_perthread_libspace                0x080009a9   Thumb Code     0  libspace.o(.text)
    __user_setup_stackheap                   0x080009b1   Thumb Code    74  sys_stackheap_outer.o(.text)
    exit                                     0x080009fb   Thumb Code    18  exit.o(.text)
    strcmp                                   0x08000a0d   Thumb Code   128  strcmpv7m.o(.text)
    _sys_exit                                0x08000a8d   Thumb Code     8  sys_exit.o(.text)
    __I$use$semihosting                      0x08000a99   Thumb Code     0  use_no_semi.o(.text)
    __use_no_semihosting_swi                 0x08000a99   Thumb Code     2  use_no_semi.o(.text)
    __semihosting_library_function           0x08000a9b   Thumb Code     0  indicate_semi.o(.text)
    _btod_d2e                                0x08000a9b   Thumb Code    62  btod.o(CL$$btod_d2e)
    _d2e_denorm_low                          0x08000ad9   Thumb Code    70  btod.o(CL$$btod_d2e_denorm_low)
    _d2e_norm_op1                            0x08000b1f   Thumb Code    96  btod.o(CL$$btod_d2e_norm_op1)
    __btod_div_common                        0x08000b7f   Thumb Code   696  btod.o(CL$$btod_div_common)
    _e2e                                     0x08000eb7   Thumb Code   198  btod.o(CL$$btod_e2e)
    _btod_ediv                               0x08000f7d   Thumb Code    40  btod.o(CL$$btod_ediv)
    _btod_emul                               0x08000fa5   Thumb Code    40  btod.o(CL$$btod_emul)
    __btod_mult_common                       0x08000fcd   Thumb Code   580  btod.o(CL$$btod_mult_common)
    ADC1_2_IRQHandler                        0x08001211   Thumb Code    36  stm32f10x_it.o(i.ADC1_2_IRQHandler)
    ADC1_Config                              0x0800123d   Thumb Code   126  main.o(i.ADC1_Config)
    ADC_ClearITPendingBit                    0x080012c1   Thumb Code    10  stm32f10x_adc.o(i.ADC_ClearITPendingBit)
    ADC_Cmd                                  0x080012cb   Thumb Code    22  stm32f10x_adc.o(i.ADC_Cmd)
    ADC_DeInit                               0x080012e1   Thumb Code    78  stm32f10x_adc.o(i.ADC_DeInit)
    ADC_ExternalTrigConvCmd                  0x0800133d   Thumb Code    22  stm32f10x_adc.o(i.ADC_ExternalTrigConvCmd)
    ADC_GetCalibrationStatus                 0x08001353   Thumb Code    20  stm32f10x_adc.o(i.ADC_GetCalibrationStatus)
    ADC_GetConversionValue                   0x08001367   Thumb Code     8  stm32f10x_adc.o(i.ADC_GetConversionValue)
    ADC_GetITStatus                          0x0800136f   Thumb Code    36  stm32f10x_adc.o(i.ADC_GetITStatus)
    ADC_GetResetCalibrationStatus            0x08001393   Thumb Code    20  stm32f10x_adc.o(i.ADC_GetResetCalibrationStatus)
    ADC_ITConfig                             0x080013a7   Thumb Code    24  stm32f10x_adc.o(i.ADC_ITConfig)
    ADC_Init                                 0x080013c1   Thumb Code    70  stm32f10x_adc.o(i.ADC_Init)
    ADC_RegularChannelConfig                 0x08001411   Thumb Code   184  stm32f10x_adc.o(i.ADC_RegularChannelConfig)
    ADC_ResetCalibration                     0x080014c9   Thumb Code    10  stm32f10x_adc.o(i.ADC_ResetCalibration)
    ADC_StartCalibration                     0x080014d3   Thumb Code    10  stm32f10x_adc.o(i.ADC_StartCalibration)
    BusFault_Handler                         0x080014dd   Thumb Code     4  stm32f10x_it.o(i.BusFault_Handler)
    CRC16                                    0x080014e1   Thumb Code    48  crc16.o(i.CRC16)
    Communication_Get                        0x08001519   Thumb Code    20  main.o(i.Communication_Get)
    Communication_Mode                       0x08001531   Thumb Code    32  main.o(i.Communication_Mode)
    Communication_Put                        0x08001555   Thumb Code    14  main.o(i.Communication_Put)
    DMA1_Channel1_IRQHandler                 0x08001569   Thumb Code     2  stm32f10x_it.o(i.DMA1_Channel1_IRQHandler)
    DMA1_Channel2_IRQHandler                 0x0800156b   Thumb Code     2  stm32f10x_it.o(i.DMA1_Channel2_IRQHandler)
    DMA1_Channel3_IRQHandler                 0x0800156d   Thumb Code     2  stm32f10x_it.o(i.DMA1_Channel3_IRQHandler)
    DMA1_Channel4_IRQHandler                 0x0800156f   Thumb Code     2  stm32f10x_it.o(i.DMA1_Channel4_IRQHandler)
    DMA1_Channel5_IRQHandler                 0x08001571   Thumb Code     2  stm32f10x_it.o(i.DMA1_Channel5_IRQHandler)
    DMA1_Channel6_IRQHandler                 0x08001573   Thumb Code     2  stm32f10x_it.o(i.DMA1_Channel6_IRQHandler)
    DMA1_Channel7_IRQHandler                 0x08001575   Thumb Code     2  stm32f10x_it.o(i.DMA1_Channel7_IRQHandler)
    DebugMon_Handler                         0x08001577   Thumb Code     2  stm32f10x_it.o(i.DebugMon_Handler)
    Delay                                    0x08001579   Thumb Code    16  delay.o(i.Delay)
    DelayTick                                0x0800158d   Thumb Code    18  delay.o(i.DelayTick)
    Delay_ms                                 0x080015a5   Thumb Code    16  delay.o(i.Delay_ms)
    Disable50usTimer                         0x080015b5   Thumb Code    14  main.o(i.Disable50usTimer)
    EXTI0_IRQHandler                         0x080015c9   Thumb Code     2  stm32f10x_it.o(i.EXTI0_IRQHandler)
    EXTI15_10_IRQHandler                     0x080015cb   Thumb Code     2  stm32f10x_it.o(i.EXTI15_10_IRQHandler)
    EXTI1_IRQHandler                         0x080015cd   Thumb Code     2  stm32f10x_it.o(i.EXTI1_IRQHandler)
    EXTI2_IRQHandler                         0x080015cf   Thumb Code     2  stm32f10x_it.o(i.EXTI2_IRQHandler)
    EXTI3_IRQHandler                         0x080015d1   Thumb Code     2  stm32f10x_it.o(i.EXTI3_IRQHandler)
    EXTI4_IRQHandler                         0x080015d3   Thumb Code     2  stm32f10x_it.o(i.EXTI4_IRQHandler)
    EXTI9_5_IRQHandler                       0x080015d5   Thumb Code    12  stm32f10x_it.o(i.EXTI9_5_IRQHandler)
    EXTI_ClearITPendingBit                   0x080015e1   Thumb Code     6  stm32f10x_exti.o(i.EXTI_ClearITPendingBit)
    EXTI_Init                                0x080015ed   Thumb Code   142  stm32f10x_exti.o(i.EXTI_Init)
    Enable50usTimer                          0x08001681   Thumb Code    14  main.o(i.Enable50usTimer)
    FLASH_IRQHandler                         0x08001695   Thumb Code     2  stm32f10x_it.o(i.FLASH_IRQHandler)
    FLASH_PrefetchBufferCmd                  0x08001699   Thumb Code    22  stm32f10x_flash.o(i.FLASH_PrefetchBufferCmd)
    FLASH_SetLatency                         0x080016b5   Thumb Code    18  stm32f10x_flash.o(i.FLASH_SetLatency)
    GPIO_Config                              0x080016cd   Thumb Code   174  main.o(i.GPIO_Config)
    GPIO_EXTILineConfig                      0x08001789   Thumb Code    60  stm32f10x_gpio.o(i.GPIO_EXTILineConfig)
    GPIO_Init                                0x080017c9   Thumb Code   278  stm32f10x_gpio.o(i.GPIO_Init)
    GPIO_ReadInputDataBit                    0x080018df   Thumb Code    18  stm32f10x_gpio.o(i.GPIO_ReadInputDataBit)
    GPIO_ResetBits                           0x080018f1   Thumb Code     4  stm32f10x_gpio.o(i.GPIO_ResetBits)
    GPIO_WriteBit                            0x080018f5   Thumb Code    10  stm32f10x_gpio.o(i.GPIO_WriteBit)
    HardFault_Handler                        0x080018ff   Thumb Code     4  stm32f10x_it.o(i.HardFault_Handler)
    I2C1_ER_IRQHandler                       0x08001903   Thumb Code     2  stm32f10x_it.o(i.I2C1_ER_IRQHandler)
    I2C1_EV_IRQHandler                       0x08001905   Thumb Code     2  stm32f10x_it.o(i.I2C1_EV_IRQHandler)
    I2C2_ER_IRQHandler                       0x08001907   Thumb Code     2  stm32f10x_it.o(i.I2C2_ER_IRQHandler)
    I2C2_EV_IRQHandler                       0x08001909   Thumb Code     2  stm32f10x_it.o(i.I2C2_EV_IRQHandler)
    Is50usTimerStarted                       0x0800190d   Thumb Code     6  modbus.o(i.Is50usTimerStarted)
    Ist15Expired                             0x08001919   Thumb Code     6  modbus.o(i.Ist15Expired)
    Ist35Expired                             0x08001925   Thumb Code     6  modbus.o(i.Ist35Expired)
    LCD_GoTo                                 0x08001931   Thumb Code    24  lcd_hd44780.o(i.LCD_GoTo)
    LCD_Initialize                           0x08001949   Thumb Code   172  lcd_hd44780.o(i.LCD_Initialize)
    LCD_ReadNibble                           0x08001a01   Thumb Code    82  lcd_hd44780.o(i.LCD_ReadNibble)
    LCD_ReadStatus                           0x08001a59   Thumb Code    78  lcd_hd44780.o(i.LCD_ReadStatus)
    LCD_Refresh                              0x08001ab1   Thumb Code   120  main.o(i.LCD_Refresh)
    LCD_WriteCommand                         0x08001b55   Thumb Code    58  lcd_hd44780.o(i.LCD_WriteCommand)
    LCD_WriteData                            0x08001b95   Thumb Code    56  lcd_hd44780.o(i.LCD_WriteData)
    LCD_WriteNibble                          0x08001bd1   Thumb Code   124  lcd_hd44780.o(i.LCD_WriteNibble)
    LCD_WriteText                            0x08001c51   Thumb Code    22  lcd_hd44780.o(i.LCD_WriteText)
    MB                                       0x08001c69   Thumb Code   334  modbus.o(i.MB)
    MB_Buf_append                            0x08001dd1   Thumb Code    34  modbus.o(i.MB_Buf_append)
    MB_Buf_clear                             0x08001dfd   Thumb Code    30  modbus.o(i.MB_Buf_clear)
    MB_Buf_control                           0x08001e25   Thumb Code    44  modbus.o(i.MB_Buf_control)
    MB_Buf_pop                               0x08001e5d   Thumb Code    80  modbus.o(i.MB_Buf_pop)
    MB_Buf_process_master                    0x08001eb5   Thumb Code     2  modbus.o(i.MB_Buf_process_master)
    MB_Config                                0x08001eb9   Thumb Code    50  modbus.o(i.MB_Config)
    MB_GetResponse                           0x08001ef5   Thumb Code   120  modbus.o(i.MB_GetResponse)
    MB_SendRequest                           0x08001f79   Thumb Code   154  modbus.o(i.MB_SendRequest)
    MemManage_Handler                        0x0800202d   Thumb Code     4  stm32f10x_it.o(i.MemManage_Handler)
    NMI_Handler                              0x08002031   Thumb Code     2  stm32f10x_it.o(i.NMI_Handler)
    NVIC_Config                              0x0800204d   Thumb Code   316  main.o(i.NVIC_Config)
    NVIC_Init                                0x080021a1   Thumb Code   100  misc.o(i.NVIC_Init)
    NVIC_PriorityGroupConfig                 0x08002211   Thumb Code    10  misc.o(i.NVIC_PriorityGroupConfig)
    NVIC_SetVectorTable                      0x0800224d   Thumb Code    12  misc.o(i.NVIC_SetVectorTable)
    PVD_IRQHandler                           0x08002261   Thumb Code     2  stm32f10x_it.o(i.PVD_IRQHandler)
    PendSV_Handler                           0x08002263   Thumb Code     2  stm32f10x_it.o(i.PendSV_Handler)
    RCC_ADCCLKConfig                         0x08002265   Thumb Code    18  stm32f10x_rcc.o(i.RCC_ADCCLKConfig)
    RCC_APB1PeriphClockCmd                   0x0800227d   Thumb Code    26  stm32f10x_rcc.o(i.RCC_APB1PeriphClockCmd)
    RCC_APB2PeriphClockCmd                   0x0800229d   Thumb Code    26  stm32f10x_rcc.o(i.RCC_APB2PeriphClockCmd)
    RCC_APB2PeriphResetCmd                   0x080022bd   Thumb Code    26  stm32f10x_rcc.o(i.RCC_APB2PeriphResetCmd)
    RCC_Config                               0x080022dd   Thumb Code   194  main.o(i.RCC_Config)
    RCC_DeInit                               0x080023a1   Thumb Code    64  stm32f10x_rcc.o(i.RCC_DeInit)
    RCC_GetClocksFreq                        0x080023ed   Thumb Code   192  stm32f10x_rcc.o(i.RCC_GetClocksFreq)
    RCC_GetFlagStatus                        0x080024c1   Thumb Code    56  stm32f10x_rcc.o(i.RCC_GetFlagStatus)
    RCC_GetSYSCLKSource                      0x080024fd   Thumb Code    10  stm32f10x_rcc.o(i.RCC_GetSYSCLKSource)
    RCC_HCLKConfig                           0x0800250d   Thumb Code    18  stm32f10x_rcc.o(i.RCC_HCLKConfig)
    RCC_HSEConfig                            0x08002525   Thumb Code    70  stm32f10x_rcc.o(i.RCC_HSEConfig)
    RCC_IRQHandler                           0x08002571   Thumb Code     2  stm32f10x_it.o(i.RCC_IRQHandler)
    RCC_PCLK1Config                          0x08002575   Thumb Code    18  stm32f10x_rcc.o(i.RCC_PCLK1Config)
    RCC_PCLK2Config                          0x0800258d   Thumb Code    20  stm32f10x_rcc.o(i.RCC_PCLK2Config)
    RCC_PLLCmd                               0x080025a5   Thumb Code     6  stm32f10x_rcc.o(i.RCC_PLLCmd)
    RCC_PLLConfig                            0x080025b1   Thumb Code    24  stm32f10x_rcc.o(i.RCC_PLLConfig)
    RCC_SYSCLKConfig                         0x080025cd   Thumb Code    18  stm32f10x_rcc.o(i.RCC_SYSCLKConfig)
    RCC_WaitForHSEStartUp                    0x080025e5   Thumb Code    56  stm32f10x_rcc.o(i.RCC_WaitForHSEStartUp)
    RTCAlarm_IRQHandler                      0x0800261d   Thumb Code     2  stm32f10x_it.o(i.RTCAlarm_IRQHandler)
    RTC_IRQHandler                           0x0800261f   Thumb Code     2  stm32f10x_it.o(i.RTC_IRQHandler)
    Reset50usTimer                           0x08002621   Thumb Code    16  modbus.o(i.Reset50usTimer)
    SPI1_IRQHandler                          0x0800263d   Thumb Code     2  stm32f10x_it.o(i.SPI1_IRQHandler)
    SPI2_IRQHandler                          0x0800263f   Thumb Code     2  stm32f10x_it.o(i.SPI2_IRQHandler)
    SVC_Handler                              0x08002641   Thumb Code     2  stm32f10x_it.o(i.SVC_Handler)
    Set50usTimer                             0x08002645   Thumb Code    34  modbus.o(i.Set50usTimer)
    SetCharacterReadyToTransmit              0x0800267d   Thumb Code    32  modbus.o(i.SetCharacterReadyToTransmit)
    SetCharacterReceived                     0x080026a1   Thumb Code     6  modbus.o(i.SetCharacterReceived)
    SetTimeout                               0x080026ad   Thumb Code    14  modbus.o(i.SetTimeout)
    Start50usTimer                           0x080026c1   Thumb Code    28  modbus.o(i.Start50usTimer)
    Stop50usTimer                            0x080026ed   Thumb Code    14  modbus.o(i.Stop50usTimer)
    SysTick_CLKSourceConfig                  0x08002701   Thumb Code    40  misc.o(i.SysTick_CLKSourceConfig)
    SysTick_Handler                          0x08002729   Thumb Code    16  stm32f10x_it.o(i.SysTick_Handler)
    TAMPER_IRQHandler                        0x08002739   Thumb Code     2  stm32f10x_it.o(i.TAMPER_IRQHandler)
    TIM1_BRK_IRQHandler                      0x0800273b   Thumb Code     2  stm32f10x_it.o(i.TIM1_BRK_IRQHandler)
    TIM1_CC_IRQHandler                       0x0800273d   Thumb Code     2  stm32f10x_it.o(i.TIM1_CC_IRQHandler)
    TIM1_TRG_COM_IRQHandler                  0x0800273f   Thumb Code     2  stm32f10x_it.o(i.TIM1_TRG_COM_IRQHandler)
    TIM1_UP_IRQHandler                       0x08002741   Thumb Code     2  stm32f10x_it.o(i.TIM1_UP_IRQHandler)
    TIM2_Config                              0x08002743   Thumb Code    92  main.o(i.TIM2_Config)
    TIM2_IRQHandler                          0x0800279f   Thumb Code     2  stm32f10x_it.o(i.TIM2_IRQHandler)
    TIM3_IRQHandler                          0x080027a1   Thumb Code     2  stm32f10x_it.o(i.TIM3_IRQHandler)
    TIM4_Config                              0x080027a5   Thumb Code    54  main.o(i.TIM4_Config)
    TIM4_IRQHandler                          0x080027e1   Thumb Code    26  stm32f10x_it.o(i.TIM4_IRQHandler)
    TIM_ClearITPendingBit                    0x08002801   Thumb Code     6  stm32f10x_tim.o(i.TIM_ClearITPendingBit)
    TIM_Cmd                                  0x08002807   Thumb Code    24  stm32f10x_tim.o(i.TIM_Cmd)
    TIM_GetITStatus                          0x0800281f   Thumb Code    34  stm32f10x_tim.o(i.TIM_GetITStatus)
    TIM_ITConfig                             0x08002841   Thumb Code    18  stm32f10x_tim.o(i.TIM_ITConfig)
    TIM_OC2Init                              0x08002855   Thumb Code   154  stm32f10x_tim.o(i.TIM_OC2Init)
    TIM_TimeBaseInit                         0x080028f9   Thumb Code   122  stm32f10x_tim.o(i.TIM_TimeBaseInit)
    TimeoutPassed                            0x0800299d   Thumb Code    14  modbus.o(i.TimeoutPassed)
    TimeoutTick                              0x080029b1   Thumb Code    18  modbus.o(i.TimeoutTick)
    Timer50usTick                            0x080029c9   Thumb Code    66  modbus.o(i.Timer50usTick)
    USART1_Config                            0x08002a21   Thumb Code    82  main.o(i.USART1_Config)
    USART1_IRQHandler                        0x08002a79   Thumb Code    58  stm32f10x_it.o(i.USART1_IRQHandler)
    USART2_IRQHandler                        0x08002ab9   Thumb Code     2  stm32f10x_it.o(i.USART2_IRQHandler)
    USART3_IRQHandler                        0x08002abb   Thumb Code     2  stm32f10x_it.o(i.USART3_IRQHandler)
    USART_ClearITPendingBit                  0x08002abd   Thumb Code    30  stm32f10x_usart.o(i.USART_ClearITPendingBit)
    USART_Cmd                                0x08002adb   Thumb Code    24  stm32f10x_usart.o(i.USART_Cmd)
    USART_GetITStatus                        0x08002af3   Thumb Code    84  stm32f10x_usart.o(i.USART_GetITStatus)
    USART_ITConfig                           0x08002b47   Thumb Code    74  stm32f10x_usart.o(i.USART_ITConfig)
    USART_Init                               0x08002b91   Thumb Code   210  stm32f10x_usart.o(i.USART_Init)
    USART_ReceiveData                        0x08002c69   Thumb Code    10  stm32f10x_usart.o(i.USART_ReceiveData)
    USART_SendData                           0x08002c73   Thumb Code     8  stm32f10x_usart.o(i.USART_SendData)
    USBWakeUp_IRQHandler                     0x08002c7b   Thumb Code     2  stm32f10x_it.o(i.USBWakeUp_IRQHandler)
    UsageFault_Handler                       0x08002c7d   Thumb Code     4  stm32f10x_it.o(i.UsageFault_Handler)
    WWDG_IRQHandler                          0x08002c81   Thumb Code     2  stm32f10x_it.o(i.WWDG_IRQHandler)
    __ARM_fpclassify                         0x08002c83   Thumb Code    40  fpclassify.o(i.__ARM_fpclassify)
    _is_digit                                0x08002cab   Thumb Code    14  __printf_wp.o(i._is_digit)
    main                                     0x08002cb9   Thumb Code   448  main.o(i.main)
    _get_lc_numeric                          0x08002ecd   Thumb Code    44  lc_numeric_c.o(locale$$code)
    __aeabi_d2f                              0x08002ef9   Thumb Code     0  d2f.o(x$fpl$d2f)
    _d2f                                     0x08002ef9   Thumb Code    98  d2f.o(x$fpl$d2f)
    __aeabi_dadd                             0x08002f5d   Thumb Code     0  daddsub_clz.o(x$fpl$dadd)
    _dadd                                    0x08002f5d   Thumb Code   332  daddsub_clz.o(x$fpl$dadd)
    __fpl_dcmp_Inf                           0x080030ad   Thumb Code    24  dcmpi.o(x$fpl$dcmpinf)
    __aeabi_ddiv                             0x080030c5   Thumb Code     0  ddiv.o(x$fpl$ddiv)
    _ddiv                                    0x080030c5   Thumb Code   552  ddiv.o(x$fpl$ddiv)
    __aeabi_ui2d                             0x08003375   Thumb Code     0  dflt_clz.o(x$fpl$dfltu)
    _dfltu                                   0x08003375   Thumb Code    38  dflt_clz.o(x$fpl$dfltu)
    __aeabi_cdcmple                          0x0800339d   Thumb Code     0  dleqf.o(x$fpl$dleqf)
    _dcmple                                  0x0800339d   Thumb Code   120  dleqf.o(x$fpl$dleqf)
    __fpl_dcmple_InfNaN                      0x080033ff   Thumb Code     0  dleqf.o(x$fpl$dleqf)
    __aeabi_dmul                             0x08003415   Thumb Code     0  dmul.o(x$fpl$dmul)
    _dmul                                    0x08003415   Thumb Code   332  dmul.o(x$fpl$dmul)
    __fpl_dnaninf                            0x08003569   Thumb Code   156  dnaninf.o(x$fpl$dnaninf)
    __fpl_dretinf                            0x08003605   Thumb Code    12  dretinf.o(x$fpl$dretinf)
    __aeabi_dsub                             0x08003611   Thumb Code     0  daddsub_clz.o(x$fpl$dsub)
    _dsub                                    0x08003611   Thumb Code   464  daddsub_clz.o(x$fpl$dsub)
    __aeabi_f2d                              0x080037e5   Thumb Code     0  f2d.o(x$fpl$f2d)
    _f2d                                     0x080037e5   Thumb Code    86  f2d.o(x$fpl$f2d)
    __fpl_fcmp_Inf                           0x0800383b   Thumb Code    24  fcmpi.o(x$fpl$fcmpinf)
    __aeabi_fdiv                             0x08003855   Thumb Code     0  fdiv.o(x$fpl$fdiv)
    _fdiv                                    0x08003855   Thumb Code   384  fdiv.o(x$fpl$fdiv)
    __aeabi_ui2f                             0x080039d9   Thumb Code     0  fflt_clz.o(x$fpl$ffltu)
    _ffltu                                   0x080039d9   Thumb Code    38  fflt_clz.o(x$fpl$ffltu)
    __aeabi_cfcmple                          0x08003a01   Thumb Code     0  fleqf.o(x$fpl$fleqf)
    _fcmple                                  0x08003a01   Thumb Code   104  fleqf.o(x$fpl$fleqf)
    __fpl_fcmple_InfNaN                      0x08003a53   Thumb Code     0  fleqf.o(x$fpl$fleqf)
    __fpl_fnaninf                            0x08003a69   Thumb Code   140  fnaninf.o(x$fpl$fnaninf)
    __fpl_fretinf                            0x08003af5   Thumb Code    10  fretinf.o(x$fpl$fretinf)
    __aeabi_cfrcmple                         0x08003aff   Thumb Code     0  frleqf.o(x$fpl$frleqf)
    _frcmple                                 0x08003aff   Thumb Code    98  frleqf.o(x$fpl$frleqf)
    _printf_fp_dec                           0x08003b61   Thumb Code     4  printf1.o(x$fpl$printf1)
    __I$use$fp                               0x08003b64   Number         0  usenofp.o(x$fpl$usenofp)
    Region$$Table$$Base                      0x08003df8   Number         0  anon$$obj.o(Region$$Table)
    Region$$Table$$Limit                     0x08003e18   Number         0  anon$$obj.o(Region$$Table)
    temp                                     0x20000010   Data           4  main.o(.data)
    read_temp                                0x20000014   Data           4  main.o(.data)
    resp                                     0x20000018   Data           4  main.o(.data)
    resplen                                  0x2000001c   Data           2  main.o(.data)
    temperature                              0x2000001e   Data           2  main.o(.data)
    respstate                                0x20000020   Data           1  main.o(.data)
    tempADC                                  0x20000022   Data           2  main.o(.data)
    floatTemp                                0x20000024   Data           4  main.o(.data)
    fan_on                                   0x20000028   Data           4  main.o(.data)
    fan_off                                  0x2000002c   Data           4  main.o(.data)
    heat_on                                  0x20000030   Data           4  main.o(.data)
    heat_off                                 0x20000034   Data           4  main.o(.data)
    GPIO_InitStructure                       0x2000004c   Data           4  lcd_hd44780.o(.data)
    DiscretesInputBuf                        0x20000050   Data           1  modbus.o(.data)
    CoilsBuf                                 0x20000051   Data           4  modbus.o(.data)
    InputRegistersBuf                        0x20000056   Data           2  modbus.o(.data)
    HoldingRegistersBuf                      0x20000058   Data           2  modbus.o(.data)
    timeout_time                             0x20000064   Data           4  modbus.o(.data)
    t15_nominal_ticks                        0x20000068   Data           4  modbus.o(.data)
    t35_nominal_ticks                        0x2000006c   Data           4  modbus.o(.data)
    _50us_ticks                              0x20000070   Data           4  modbus.o(.data)
    t15_expired                              0x20000074   Data           1  modbus.o(.data)
    t35_expired                              0x20000075   Data           1  modbus.o(.data)
    _50us_timer_started                      0x20000076   Data           1  modbus.o(.data)
    modbus_slave_address                     0x20000078   Data           2  modbus.o(.data)
    wyniki                                   0x2000007c   Data          19  main.o(.bss)
    __libspace_start                         0x20000490   Data          96  libspace.o(.bss)
    __temporary_stack_top$libspace           0x200004f0   Data           0  libspace.o(.bss)



==============================================================================

Memory Map of the image

  Image Entry point : 0x080000ed

  Load Region LR_IROM1 (Base: 0x08000000, Size: 0x00003eb0, Max: 0x00020000, ABSOLUTE)

    Execution Region ER_IROM1 (Base: 0x08000000, Size: 0x00003e34, Max: 0x00020000, ABSOLUTE)

    Base Addr    Size         Type   Attr      Idx    E Section Name        Object

    0x08000000   0x000000ec   Data   RO         2221    RESET               startup_stm32f10x_md.o
    0x080000ec   0x00000008   Code   RO         2539  * !!!main             c_w.l(__main.o)
    0x080000f4   0x00000034   Code   RO         2801    !!!scatter          c_w.l(__scatter.o)
    0x08000128   0x0000001a   Code   RO         2803    !!handler_copy      c_w.l(__scatter_copy.o)
    0x08000142   0x00000002   PAD
    0x08000144   0x0000001c   Code   RO         2805    !!handler_zi        c_w.l(__scatter_zi.o)
    0x08000160   0x00000000   Code   RO         2536    .ARM.Collect$$_printf_percent$$00000000  c_w.l(_printf_percent.o)
    0x08000160   0x00000006   Code   RO         2535    .ARM.Collect$$_printf_percent$$00000003  c_w.l(_printf_f.o)
    0x08000166   0x00000004   Code   RO         2586    .ARM.Collect$$_printf_percent$$00000017  c_w.l(_printf_percent_end.o)
    0x0800016a   0x00000002   Code   RO         2674    .ARM.Collect$$libinit$$00000000  c_w.l(libinit.o)
    0x0800016c   0x00000000   Code   RO         2676    .ARM.Collect$$libinit$$00000002  c_w.l(libinit2.o)
    0x0800016c   0x00000000   Code   RO         2678    .ARM.Collect$$libinit$$00000004  c_w.l(libinit2.o)
    0x0800016c   0x00000000   Code   RO         2681    .ARM.Collect$$libinit$$0000000A  c_w.l(libinit2.o)
    0x0800016c   0x00000000   Code   RO         2683    .ARM.Collect$$libinit$$0000000C  c_w.l(libinit2.o)
    0x0800016c   0x00000000   Code   RO         2685    .ARM.Collect$$libinit$$0000000E  c_w.l(libinit2.o)
    0x0800016c   0x00000006   Code   RO         2686    .ARM.Collect$$libinit$$0000000F  c_w.l(libinit2.o)
    0x08000172   0x00000000   Code   RO         2688    .ARM.Collect$$libinit$$00000011  c_w.l(libinit2.o)
    0x08000172   0x00000000   Code   RO         2690    .ARM.Collect$$libinit$$00000013  c_w.l(libinit2.o)
    0x08000172   0x00000000   Code   RO         2692    .ARM.Collect$$libinit$$00000015  c_w.l(libinit2.o)
    0x08000172   0x0000000a   Code   RO         2693    .ARM.Collect$$libinit$$00000016  c_w.l(libinit2.o)
    0x0800017c   0x00000000   Code   RO         2694    .ARM.Collect$$libinit$$00000017  c_w.l(libinit2.o)
    0x0800017c   0x00000000   Code   RO         2696    .ARM.Collect$$libinit$$00000019  c_w.l(libinit2.o)
    0x0800017c   0x00000000   Code   RO         2698    .ARM.Collect$$libinit$$0000001B  c_w.l(libinit2.o)
    0x0800017c   0x00000000   Code   RO         2700    .ARM.Collect$$libinit$$0000001D  c_w.l(libinit2.o)
    0x0800017c   0x00000000   Code   RO         2702    .ARM.Collect$$libinit$$0000001F  c_w.l(libinit2.o)
    0x0800017c   0x00000000   Code   RO         2704    .ARM.Collect$$libinit$$00000021  c_w.l(libinit2.o)
    0x0800017c   0x00000000   Code   RO         2706    .ARM.Collect$$libinit$$00000023  c_w.l(libinit2.o)
    0x0800017c   0x00000000   Code   RO         2708    .ARM.Collect$$libinit$$00000025  c_w.l(libinit2.o)
    0x0800017c   0x00000000   Code   RO         2712    .ARM.Collect$$libinit$$0000002C  c_w.l(libinit2.o)
    0x0800017c   0x00000000   Code   RO         2714    .ARM.Collect$$libinit$$0000002E  c_w.l(libinit2.o)
    0x0800017c   0x00000000   Code   RO         2716    .ARM.Collect$$libinit$$00000030  c_w.l(libinit2.o)
    0x0800017c   0x00000000   Code   RO         2718    .ARM.Collect$$libinit$$00000032  c_w.l(libinit2.o)
    0x0800017c   0x00000002   Code   RO         2719    .ARM.Collect$$libinit$$00000033  c_w.l(libinit2.o)
    0x0800017e   0x00000002   Code   RO         2749    .ARM.Collect$$libshutdown$$00000000  c_w.l(libshutdown.o)
    0x08000180   0x00000000   Code   RO         2760    .ARM.Collect$$libshutdown$$00000002  c_w.l(libshutdown2.o)
    0x08000180   0x00000000   Code   RO         2762    .ARM.Collect$$libshutdown$$00000004  c_w.l(libshutdown2.o)
    0x08000180   0x00000000   Code   RO         2765    .ARM.Collect$$libshutdown$$00000007  c_w.l(libshutdown2.o)
    0x08000180   0x00000000   Code   RO         2768    .ARM.Collect$$libshutdown$$0000000A  c_w.l(libshutdown2.o)
    0x08000180   0x00000000   Code   RO         2770    .ARM.Collect$$libshutdown$$0000000C  c_w.l(libshutdown2.o)
    0x08000180   0x00000000   Code   RO         2773    .ARM.Collect$$libshutdown$$0000000F  c_w.l(libshutdown2.o)
    0x08000180   0x00000002   Code   RO         2774    .ARM.Collect$$libshutdown$$00000010  c_w.l(libshutdown2.o)
    0x08000182   0x00000000   Code   RO         2579    .ARM.Collect$$rtentry$$00000000  c_w.l(__rtentry.o)
    0x08000182   0x00000000   Code   RO         2601    .ARM.Collect$$rtentry$$00000002  c_w.l(__rtentry2.o)
    0x08000182   0x00000006   Code   RO         2613    .ARM.Collect$$rtentry$$00000004  c_w.l(__rtentry4.o)
    0x08000188   0x00000000   Code   RO         2603    .ARM.Collect$$rtentry$$00000009  c_w.l(__rtentry2.o)
    0x08000188   0x00000004   Code   RO         2604    .ARM.Collect$$rtentry$$0000000A  c_w.l(__rtentry2.o)
    0x0800018c   0x00000000   Code   RO         2606    .ARM.Collect$$rtentry$$0000000C  c_w.l(__rtentry2.o)
    0x0800018c   0x00000008   Code   RO         2607    .ARM.Collect$$rtentry$$0000000D  c_w.l(__rtentry2.o)
    0x08000194   0x00000002   Code   RO         2720    .ARM.Collect$$rtexit$$00000000  c_w.l(rtexit.o)
    0x08000196   0x00000000   Code   RO         2727    .ARM.Collect$$rtexit$$00000002  c_w.l(rtexit2.o)
    0x08000196   0x00000004   Code   RO         2728    .ARM.Collect$$rtexit$$00000003  c_w.l(rtexit2.o)
    0x0800019a   0x00000006   Code   RO         2729    .ARM.Collect$$rtexit$$00000004  c_w.l(rtexit2.o)
    0x080001a0   0x00000038   Code   RO         2222    .text               startup_stm32f10x_md.o
    0x080001d8   0x00000028   Code   RO         2509    .text               c_w.l(noretval__2sprintf.o)
    0x08000200   0x0000004e   Code   RO         2513    .text               c_w.l(_printf_pad.o)
    0x0800024e   0x0000010e   Code   RO         2523    .text               c_w.l(__printf_wp.o)
    0x0800035c   0x00000006   Code   RO         2537    .text               c_w.l(heapauxi.o)
    0x08000362   0x0000041a   Code   RO         2580    .text               c_w.l(_printf_fp_dec.o)
    0x0800077c   0x00000030   Code   RO         2582    .text               c_w.l(_printf_char_common.o)
    0x080007ac   0x0000000a   Code   RO         2584    .text               c_w.l(_sputc.o)
    0x080007b6   0x00000002   PAD
    0x080007b8   0x00000008   Code   RO         2618    .text               c_w.l(rt_locale_intlibspace.o)
    0x080007c0   0x0000008a   Code   RO         2620    .text               c_w.l(lludiv10.o)
    0x0800084a   0x00000002   PAD
    0x0800084c   0x00000080   Code   RO         2622    .text               c_w.l(_printf_fp_infnan.o)
    0x080008cc   0x000000dc   Code   RO         2626    .text               c_w.l(bigflt0.o)
    0x080009a8   0x00000008   Code   RO         2660    .text               c_w.l(libspace.o)
    0x080009b0   0x0000004a   Code   RO         2663    .text               c_w.l(sys_stackheap_outer.o)
    0x080009fa   0x00000012   Code   RO         2665    .text               c_w.l(exit.o)
    0x08000a0c   0x00000080   Code   RO         2667    .text               c_w.l(strcmpv7m.o)
    0x08000a8c   0x0000000c   Code   RO         2739    .text               c_w.l(sys_exit.o)
    0x08000a98   0x00000002   Code   RO         2750    .text               c_w.l(use_no_semi.o)
    0x08000a9a   0x00000000   Code   RO         2752    .text               c_w.l(indicate_semi.o)
    0x08000a9a   0x0000003e   Code   RO         2629    CL$$btod_d2e        c_w.l(btod.o)
    0x08000ad8   0x00000046   Code   RO         2631    CL$$btod_d2e_denorm_low  c_w.l(btod.o)
    0x08000b1e   0x00000060   Code   RO         2630    CL$$btod_d2e_norm_op1  c_w.l(btod.o)
    0x08000b7e   0x00000338   Code   RO         2639    CL$$btod_div_common  c_w.l(btod.o)
    0x08000eb6   0x000000c6   Code   RO         2636    CL$$btod_e2e        c_w.l(btod.o)
    0x08000f7c   0x00000028   Code   RO         2633    CL$$btod_ediv       c_w.l(btod.o)
    0x08000fa4   0x00000028   Code   RO         2632    CL$$btod_emul       c_w.l(btod.o)
    0x08000fcc   0x00000244   Code   RO         2638    CL$$btod_mult_common  c_w.l(btod.o)
    0x08001210   0x0000002c   Code   RO            1    i.ADC1_2_IRQHandler  stm32f10x_it.o
    0x0800123c   0x00000084   Code   RO          514    i.ADC1_Config       main.o
    0x080012c0   0x0000000a   Code   RO         1723    i.ADC_ClearITPendingBit  stm32f10x_adc.o
    0x080012ca   0x00000016   Code   RO         1724    i.ADC_Cmd           stm32f10x_adc.o
    0x080012e0   0x0000005c   Code   RO         1726    i.ADC_DeInit        stm32f10x_adc.o
    0x0800133c   0x00000016   Code   RO         1729    i.ADC_ExternalTrigConvCmd  stm32f10x_adc.o
    0x08001352   0x00000014   Code   RO         1732    i.ADC_GetCalibrationStatus  stm32f10x_adc.o
    0x08001366   0x00000008   Code   RO         1733    i.ADC_GetConversionValue  stm32f10x_adc.o
    0x0800136e   0x00000024   Code   RO         1736    i.ADC_GetITStatus   stm32f10x_adc.o
    0x08001392   0x00000014   Code   RO         1738    i.ADC_GetResetCalibrationStatus  stm32f10x_adc.o
    0x080013a6   0x00000018   Code   RO         1741    i.ADC_ITConfig      stm32f10x_adc.o
    0x080013be   0x00000002   PAD
    0x080013c0   0x00000050   Code   RO         1742    i.ADC_Init          stm32f10x_adc.o
    0x08001410   0x000000b8   Code   RO         1746    i.ADC_RegularChannelConfig  stm32f10x_adc.o
    0x080014c8   0x0000000a   Code   RO         1747    i.ADC_ResetCalibration  stm32f10x_adc.o
    0x080014d2   0x0000000a   Code   RO         1751    i.ADC_StartCalibration  stm32f10x_adc.o
    0x080014dc   0x00000004   Code   RO            3    i.BusFault_Handler  stm32f10x_it.o
    0x080014e0   0x00000038   Code   RO         2313    i.CRC16             crc16.o
    0x08001518   0x00000018   Code   RO          515    i.Communication_Get  main.o
    0x08001530   0x00000024   Code   RO          516    i.Communication_Mode  main.o
    0x08001554   0x00000014   Code   RO          517    i.Communication_Put  main.o
    0x08001568   0x00000002   Code   RO            6    i.DMA1_Channel1_IRQHandler  stm32f10x_it.o
    0x0800156a   0x00000002   Code   RO            7    i.DMA1_Channel2_IRQHandler  stm32f10x_it.o
    0x0800156c   0x00000002   Code   RO            8    i.DMA1_Channel3_IRQHandler  stm32f10x_it.o
    0x0800156e   0x00000002   Code   RO            9    i.DMA1_Channel4_IRQHandler  stm32f10x_it.o
    0x08001570   0x00000002   Code   RO           10    i.DMA1_Channel5_IRQHandler  stm32f10x_it.o
    0x08001572   0x00000002   Code   RO           11    i.DMA1_Channel6_IRQHandler  stm32f10x_it.o
    0x08001574   0x00000002   Code   RO           12    i.DMA1_Channel7_IRQHandler  stm32f10x_it.o
    0x08001576   0x00000002   Code   RO           17    i.DebugMon_Handler  stm32f10x_it.o
    0x08001578   0x00000014   Code   RO          488    i.Delay             delay.o
    0x0800158c   0x00000018   Code   RO          489    i.DelayTick         delay.o
    0x080015a4   0x00000010   Code   RO          490    i.Delay_ms          delay.o
    0x080015b4   0x00000014   Code   RO          518    i.Disable50usTimer  main.o
    0x080015c8   0x00000002   Code   RO           18    i.EXTI0_IRQHandler  stm32f10x_it.o
    0x080015ca   0x00000002   Code   RO           19    i.EXTI15_10_IRQHandler  stm32f10x_it.o
    0x080015cc   0x00000002   Code   RO           20    i.EXTI1_IRQHandler  stm32f10x_it.o
    0x080015ce   0x00000002   Code   RO           21    i.EXTI2_IRQHandler  stm32f10x_it.o
    0x080015d0   0x00000002   Code   RO           22    i.EXTI3_IRQHandler  stm32f10x_it.o
    0x080015d2   0x00000002   Code   RO           23    i.EXTI4_IRQHandler  stm32f10x_it.o
    0x080015d4   0x0000000c   Code   RO           24    i.EXTI9_5_IRQHandler  stm32f10x_it.o
    0x080015e0   0x0000000c   Code   RO         1941    i.EXTI_ClearITPendingBit  stm32f10x_exti.o
    0x080015ec   0x00000094   Code   RO         1946    i.EXTI_Init         stm32f10x_exti.o
    0x08001680   0x00000014   Code   RO          519    i.Enable50usTimer   main.o
    0x08001694   0x00000002   Code   RO           25    i.FLASH_IRQHandler  stm32f10x_it.o
    0x08001696   0x00000002   PAD
    0x08001698   0x0000001c   Code   RO          699    i.FLASH_PrefetchBufferCmd  stm32f10x_flash.o
    0x080016b4   0x00000018   Code   RO          704    i.FLASH_SetLatency  stm32f10x_flash.o
    0x080016cc   0x000000bc   Code   RO          520    i.GPIO_Config       main.o
    0x08001788   0x00000040   Code   RO          859    i.GPIO_EXTILineConfig  stm32f10x_gpio.o
    0x080017c8   0x00000116   Code   RO          862    i.GPIO_Init         stm32f10x_gpio.o
    0x080018de   0x00000012   Code   RO          866    i.GPIO_ReadInputDataBit  stm32f10x_gpio.o
    0x080018f0   0x00000004   Code   RO          869    i.GPIO_ResetBits    stm32f10x_gpio.o
    0x080018f4   0x0000000a   Code   RO          873    i.GPIO_WriteBit     stm32f10x_gpio.o
    0x080018fe   0x00000004   Code   RO           27    i.HardFault_Handler  stm32f10x_it.o
    0x08001902   0x00000002   Code   RO           28    i.I2C1_ER_IRQHandler  stm32f10x_it.o
    0x08001904   0x00000002   Code   RO           29    i.I2C1_EV_IRQHandler  stm32f10x_it.o
    0x08001906   0x00000002   Code   RO           30    i.I2C2_ER_IRQHandler  stm32f10x_it.o
    0x08001908   0x00000002   Code   RO           31    i.I2C2_EV_IRQHandler  stm32f10x_it.o
    0x0800190a   0x00000002   PAD
    0x0800190c   0x0000000c   Code   RO         2332    i.Is50usTimerStarted  modbus.o
    0x08001918   0x0000000c   Code   RO         2333    i.Ist15Expired      modbus.o
    0x08001924   0x0000000c   Code   RO         2334    i.Ist35Expired      modbus.o
    0x08001930   0x00000018   Code   RO         2226    i.LCD_GoTo          lcd_hd44780.o
    0x08001948   0x000000b8   Code   RO         2227    i.LCD_Initialize    lcd_hd44780.o
    0x08001a00   0x00000058   Code   RO         2228    i.LCD_ReadNibble    lcd_hd44780.o
    0x08001a58   0x00000058   Code   RO         2229    i.LCD_ReadStatus    lcd_hd44780.o
    0x08001ab0   0x000000a4   Code   RO          522    i.LCD_Refresh       main.o
    0x08001b54   0x00000040   Code   RO         2234    i.LCD_WriteCommand  lcd_hd44780.o
    0x08001b94   0x0000003c   Code   RO         2235    i.LCD_WriteData     lcd_hd44780.o
    0x08001bd0   0x00000080   Code   RO         2236    i.LCD_WriteNibble   lcd_hd44780.o
    0x08001c50   0x00000016   Code   RO         2237    i.LCD_WriteText     lcd_hd44780.o
    0x08001c66   0x00000002   PAD
    0x08001c68   0x00000168   Code   RO         2335    i.MB                modbus.o
    0x08001dd0   0x0000002c   Code   RO         2336    i.MB_Buf_append     modbus.o
    0x08001dfc   0x00000028   Code   RO         2337    i.MB_Buf_clear      modbus.o
    0x08001e24   0x00000038   Code   RO         2338    i.MB_Buf_control    modbus.o
    0x08001e5c   0x00000058   Code   RO         2339    i.MB_Buf_pop        modbus.o
    0x08001eb4   0x00000002   Code   RO         2340    i.MB_Buf_process_master  modbus.o
    0x08001eb6   0x00000002   PAD
    0x08001eb8   0x0000003c   Code   RO         2342    i.MB_Config         modbus.o
    0x08001ef4   0x00000084   Code   RO         2343    i.MB_GetResponse    modbus.o
    0x08001f78   0x000000b4   Code   RO         2344    i.MB_SendRequest    modbus.o
    0x0800202c   0x00000004   Code   RO           32    i.MemManage_Handler  stm32f10x_it.o
    0x08002030   0x00000002   Code   RO           33    i.NMI_Handler       stm32f10x_it.o
    0x08002032   0x00000002   PAD
    0x08002034   0x00000018   Code   RO          524    i.NVIC_ClearPendingIRQ  main.o
    0x0800204c   0x0000013c   Code   RO          525    i.NVIC_Config       main.o
    0x08002188   0x00000016   Code   RO          526    i.NVIC_EnableIRQ    main.o
    0x0800219e   0x00000002   PAD
    0x080021a0   0x00000070   Code   RO          646    i.NVIC_Init         misc.o
    0x08002210   0x00000014   Code   RO          647    i.NVIC_PriorityGroupConfig  misc.o
    0x08002224   0x00000028   Code   RO          527    i.NVIC_SetPriority  main.o
    0x0800224c   0x00000014   Code   RO          648    i.NVIC_SetVectorTable  misc.o
    0x08002260   0x00000002   Code   RO           34    i.PVD_IRQHandler    stm32f10x_it.o
    0x08002262   0x00000002   Code   RO           35    i.PendSV_Handler    stm32f10x_it.o
    0x08002264   0x00000018   Code   RO          970    i.RCC_ADCCLKConfig  stm32f10x_rcc.o
    0x0800227c   0x00000020   Code   RO          972    i.RCC_APB1PeriphClockCmd  stm32f10x_rcc.o
    0x0800229c   0x00000020   Code   RO          974    i.RCC_APB2PeriphClockCmd  stm32f10x_rcc.o
    0x080022bc   0x00000020   Code   RO          975    i.RCC_APB2PeriphResetCmd  stm32f10x_rcc.o
    0x080022dc   0x000000c2   Code   RO          528    i.RCC_Config        main.o
    0x0800239e   0x00000002   PAD
    0x080023a0   0x0000004c   Code   RO          981    i.RCC_DeInit        stm32f10x_rcc.o
    0x080023ec   0x000000d4   Code   RO          982    i.RCC_GetClocksFreq  stm32f10x_rcc.o
    0x080024c0   0x0000003c   Code   RO          983    i.RCC_GetFlagStatus  stm32f10x_rcc.o
    0x080024fc   0x00000010   Code   RO          985    i.RCC_GetSYSCLKSource  stm32f10x_rcc.o
    0x0800250c   0x00000018   Code   RO          986    i.RCC_HCLKConfig    stm32f10x_rcc.o
    0x08002524   0x0000004c   Code   RO          987    i.RCC_HSEConfig     stm32f10x_rcc.o
    0x08002570   0x00000002   Code   RO           36    i.RCC_IRQHandler    stm32f10x_it.o
    0x08002572   0x00000002   PAD
    0x08002574   0x00000018   Code   RO          993    i.RCC_PCLK1Config   stm32f10x_rcc.o
    0x0800258c   0x00000018   Code   RO          994    i.RCC_PCLK2Config   stm32f10x_rcc.o
    0x080025a4   0x0000000c   Code   RO          995    i.RCC_PLLCmd        stm32f10x_rcc.o
    0x080025b0   0x0000001c   Code   RO          996    i.RCC_PLLConfig     stm32f10x_rcc.o
    0x080025cc   0x00000018   Code   RO          999    i.RCC_SYSCLKConfig  stm32f10x_rcc.o
    0x080025e4   0x00000038   Code   RO         1001    i.RCC_WaitForHSEStartUp  stm32f10x_rcc.o
    0x0800261c   0x00000002   Code   RO           37    i.RTCAlarm_IRQHandler  stm32f10x_it.o
    0x0800261e   0x00000002   Code   RO           38    i.RTC_IRQHandler    stm32f10x_it.o
    0x08002620   0x0000001c   Code   RO         2345    i.Reset50usTimer    modbus.o
    0x0800263c   0x00000002   Code   RO           40    i.SPI1_IRQHandler   stm32f10x_it.o
    0x0800263e   0x00000002   Code   RO           41    i.SPI2_IRQHandler   stm32f10x_it.o
    0x08002640   0x00000002   Code   RO           43    i.SVC_Handler       stm32f10x_it.o
    0x08002642   0x00000002   PAD
    0x08002644   0x00000038   Code   RO         2346    i.Set50usTimer      modbus.o
    0x0800267c   0x00000024   Code   RO         2347    i.SetCharacterReadyToTransmit  modbus.o
    0x080026a0   0x0000000c   Code   RO         2348    i.SetCharacterReceived  modbus.o
    0x080026ac   0x00000014   Code   RO         2349    i.SetTimeout        modbus.o
    0x080026c0   0x0000002c   Code   RO         2350    i.Start50usTimer    modbus.o
    0x080026ec   0x00000014   Code   RO         2351    i.Stop50usTimer     modbus.o
    0x08002700   0x00000028   Code   RO          650    i.SysTick_CLKSourceConfig  misc.o
    0x08002728   0x00000010   Code   RO           44    i.SysTick_Handler   stm32f10x_it.o
    0x08002738   0x00000002   Code   RO           45    i.TAMPER_IRQHandler  stm32f10x_it.o
    0x0800273a   0x00000002   Code   RO           46    i.TIM1_BRK_IRQHandler  stm32f10x_it.o
    0x0800273c   0x00000002   Code   RO           47    i.TIM1_CC_IRQHandler  stm32f10x_it.o
    0x0800273e   0x00000002   Code   RO           48    i.TIM1_TRG_COM_IRQHandler  stm32f10x_it.o
    0x08002740   0x00000002   Code   RO           49    i.TIM1_UP_IRQHandler  stm32f10x_it.o
    0x08002742   0x0000005c   Code   RO          529    i.TIM2_Config       main.o
    0x0800279e   0x00000002   Code   RO           50    i.TIM2_IRQHandler   stm32f10x_it.o
    0x080027a0   0x00000002   Code   RO           51    i.TIM3_IRQHandler   stm32f10x_it.o
    0x080027a2   0x00000002   PAD
    0x080027a4   0x0000003c   Code   RO          530    i.TIM4_Config       main.o
    0x080027e0   0x00000020   Code   RO           52    i.TIM4_IRQHandler   stm32f10x_it.o
    0x08002800   0x00000006   Code   RO         1181    i.TIM_ClearITPendingBit  stm32f10x_tim.o
    0x08002806   0x00000018   Code   RO         1186    i.TIM_Cmd           stm32f10x_tim.o
    0x0800281e   0x00000022   Code   RO         1207    i.TIM_GetITStatus   stm32f10x_tim.o
    0x08002840   0x00000012   Code   RO         1211    i.TIM_ITConfig      stm32f10x_tim.o
    0x08002852   0x00000002   PAD
    0x08002854   0x000000a4   Code   RO         1220    i.TIM_OC2Init       stm32f10x_tim.o
    0x080028f8   0x000000a4   Code   RO         1257    i.TIM_TimeBaseInit  stm32f10x_tim.o
    0x0800299c   0x00000014   Code   RO         2352    i.TimeoutPassed     modbus.o
    0x080029b0   0x00000018   Code   RO         2353    i.TimeoutTick       modbus.o
    0x080029c8   0x00000058   Code   RO         2354    i.Timer50usTick     modbus.o
    0x08002a20   0x00000058   Code   RO          531    i.USART1_Config     main.o
    0x08002a78   0x00000040   Code   RO           62    i.USART1_IRQHandler  stm32f10x_it.o
    0x08002ab8   0x00000002   Code   RO           63    i.USART2_IRQHandler  stm32f10x_it.o
    0x08002aba   0x00000002   Code   RO           64    i.USART3_IRQHandler  stm32f10x_it.o
    0x08002abc   0x0000001e   Code   RO         1995    i.USART_ClearITPendingBit  stm32f10x_usart.o
    0x08002ada   0x00000018   Code   RO         1998    i.USART_Cmd         stm32f10x_usart.o
    0x08002af2   0x00000054   Code   RO         2002    i.USART_GetITStatus  stm32f10x_usart.o
    0x08002b46   0x0000004a   Code   RO         2004    i.USART_ITConfig    stm32f10x_usart.o
    0x08002b90   0x000000d8   Code   RO         2005    i.USART_Init        stm32f10x_usart.o
    0x08002c68   0x0000000a   Code   RO         2012    i.USART_ReceiveData  stm32f10x_usart.o
    0x08002c72   0x00000008   Code   RO         2015    i.USART_SendData    stm32f10x_usart.o
    0x08002c7a   0x00000002   Code   RO           65    i.USBWakeUp_IRQHandler  stm32f10x_it.o
    0x08002c7c   0x00000004   Code   RO           68    i.UsageFault_Handler  stm32f10x_it.o
    0x08002c80   0x00000002   Code   RO           69    i.WWDG_IRQHandler   stm32f10x_it.o
    0x08002c82   0x00000028   Code   RO         2658    i.__ARM_fpclassify  m_ws.l(fpclassify.o)
    0x08002caa   0x0000000e   Code   RO         2525    i._is_digit         c_w.l(__printf_wp.o)
    0x08002cb8   0x00000214   Code   RO          532    i.main              main.o
    0x08002ecc   0x0000002c   Code   RO         2652    locale$$code        c_w.l(lc_numeric_c.o)
    0x08002ef8   0x00000062   Code   RO         2541    x$fpl$d2f           fz_ws.l(d2f.o)
    0x08002f5a   0x00000002   PAD
    0x08002f5c   0x00000150   Code   RO         2543    x$fpl$dadd          fz_ws.l(daddsub_clz.o)
    0x080030ac   0x00000018   Code   RO         2587    x$fpl$dcmpinf       fz_ws.l(dcmpi.o)
    0x080030c4   0x000002b0   Code   RO         2550    x$fpl$ddiv          fz_ws.l(ddiv.o)
    0x08003374   0x00000026   Code   RO         2553    x$fpl$dfltu         fz_ws.l(dflt_clz.o)
    0x0800339a   0x00000002   PAD
    0x0800339c   0x00000078   Code   RO         2559    x$fpl$dleqf         fz_ws.l(dleqf.o)
    0x08003414   0x00000154   Code   RO         2561    x$fpl$dmul          fz_ws.l(dmul.o)
    0x08003568   0x0000009c   Code   RO         2589    x$fpl$dnaninf       fz_ws.l(dnaninf.o)
    0x08003604   0x0000000c   Code   RO         2591    x$fpl$dretinf       fz_ws.l(dretinf.o)
    0x08003610   0x000001d4   Code   RO         2545    x$fpl$dsub          fz_ws.l(daddsub_clz.o)
    0x080037e4   0x00000056   Code   RO         2563    x$fpl$f2d           fz_ws.l(f2d.o)
    0x0800383a   0x00000018   Code   RO         2654    x$fpl$fcmpinf       fz_ws.l(fcmpi.o)
    0x08003852   0x00000002   PAD
    0x08003854   0x00000184   Code   RO         2566    x$fpl$fdiv          fz_ws.l(fdiv.o)
    0x080039d8   0x00000026   Code   RO         2569    x$fpl$ffltu         fz_ws.l(fflt_clz.o)
    0x080039fe   0x00000002   PAD
    0x08003a00   0x00000068   Code   RO         2593    x$fpl$fleqf         fz_ws.l(fleqf.o)
    0x08003a68   0x0000008c   Code   RO         2595    x$fpl$fnaninf       fz_ws.l(fnaninf.o)
    0x08003af4   0x0000000a   Code   RO         2597    x$fpl$fretinf       fz_ws.l(fretinf.o)
    0x08003afe   0x00000062   Code   RO         2575    x$fpl$frleqf        fz_ws.l(frleqf.o)
    0x08003b60   0x00000004   Code   RO         2577    x$fpl$printf1       fz_ws.l(printf1.o)
    0x08003b64   0x00000000   Code   RO         2599    x$fpl$usenofp       fz_ws.l(usenofp.o)
    0x08003b64   0x00000200   Data   RO         2314    .constdata          crc16.o
    0x08003d64   0x00000094   Data   RO         2627    .constdata          c_w.l(bigflt0.o)
    0x08003df8   0x00000020   Data   RO         2799    Region$$Table       anon$$obj.o
    0x08003e18   0x0000001c   Data   RO         2651    locale$$data        c_w.l(lc_numeric_c.o)


    Execution Region RW_IRAM1 (Base: 0x20000000, Size: 0x00000af0, Max: 0x00005000, ABSOLUTE)

    Base Addr    Size         Type   Attr      Idx    E Section Name        Object

    0x20000000   0x00000008   Data   RW          491    .data               delay.o
    0x20000008   0x00000030   Data   RW          534    .data               main.o
    0x20000038   0x00000014   Data   RW         1002    .data               stm32f10x_rcc.o
    0x2000004c   0x00000004   Data   RW         2239    .data               lcd_hd44780.o
    0x20000050   0x0000002b   Data   RW         2356    .data               modbus.o
    0x2000007b   0x00000001   PAD
    0x2000007c   0x00000013   Zero   RW          533    .bss                main.o
    0x2000008f   0x00000400   Zero   RW         2355    .bss                modbus.o
    0x2000048f   0x00000001   PAD
    0x20000490   0x00000060   Zero   RW         2661    .bss                c_w.l(libspace.o)
    0x200004f0   0x00000200   Zero   RW         2220    HEAP                startup_stm32f10x_md.o
    0x200006f0   0x00000400   Zero   RW         2219    STACK               startup_stm32f10x_md.o


==============================================================================

Image component sizes


      Code (inc. data)   RO Data    RW Data    ZI Data      Debug   Object Name

         0          0          0          0          0         32   core_cm3.o
        56          8        512          0          0       1124   crc16.o
        60         10          0          8          0       1411   delay.o
       658         42          0          4          0       4376   lcd_hd44780.o
      1972        200          0         48         19      24738   main.o
       192         30          0          0          0       2687   misc.o
      1346        244          0         43       1024      12541   modbus.o
        56         22        236          0       1536        884   startup_stm32f10x_md.o
       538         24          0          0          0      10118   stm32f10x_adc.o
       160         12          0          0          0       1569   stm32f10x_exti.o
        52         12          0          0          0       1129   stm32f10x_flash.o
       374          4          0          0          0       4431   stm32f10x_gpio.o
       262         20          0          0          0     283379   stm32f10x_it.o
       752        104          0         20          0      11922   stm32f10x_rcc.o
       410         52          0          0          0       4388   stm32f10x_tim.o
       446          6          0          0          0       6313   stm32f10x_usart.o

    ----------------------------------------------------------------------
      7358        790        780        124       2580     371042   Object Totals
         0          0         32          0          0          0   (incl. Generated)
        24          0          0          1          1          0   (incl. Padding)

    ----------------------------------------------------------------------

      Code (inc. data)   RO Data    RW Data    ZI Data      Debug   Library Member Name

         8          0          0          0          0         68   __main.o
       284          0          0          0          0        156   __printf_wp.o
         0          0          0          0          0          0   __rtentry.o
        12          0          0          0          0          0   __rtentry2.o
         6          0          0          0          0          0   __rtentry4.o
        52          8          0          0          0          0   __scatter.o
        26          0          0          0          0          0   __scatter_copy.o
        28          0          0          0          0          0   __scatter_zi.o
        48          6          0          0          0         96   _printf_char_common.o
         6          0          0          0          0          0   _printf_f.o
      1050          0          0          0          0        216   _printf_fp_dec.o
       128         16          0          0          0         84   _printf_fp_infnan.o
        78          0          0          0          0        108   _printf_pad.o
         0          0          0          0          0          0   _printf_percent.o
         4          0          0          0          0          0   _printf_percent_end.o
        10          0          0          0          0         68   _sputc.o
       220          4        148          0          0         96   bigflt0.o
      1910        128          0          0          0        672   btod.o
        18          0          0          0          0         80   exit.o
         6          0          0          0          0        152   heapauxi.o
         0          0          0          0          0          0   indicate_semi.o
        44         10         28          0          0         76   lc_numeric_c.o
         2          0          0          0          0          0   libinit.o
        18          0          0          0          0          0   libinit2.o
         2          0          0          0          0          0   libshutdown.o
         2          0          0          0          0          0   libshutdown2.o
         8          4          0          0         96         68   libspace.o
       138          0          0          0          0         80   lludiv10.o
        40          6          0          0          0         84   noretval__2sprintf.o
         8          4          0          0          0         68   rt_locale_intlibspace.o
         2          0          0          0          0          0   rtexit.o
        10          0          0          0          0          0   rtexit2.o
       128          0          0          0          0         68   strcmpv7m.o
        12          4          0          0          0         68   sys_exit.o
        74          0          0          0          0         80   sys_stackheap_outer.o
         2          0          0          0          0         68   use_no_semi.o
        98          4          0          0          0         92   d2f.o
       804         16          0          0          0        272   daddsub_clz.o
        24          0          0          0          0         68   dcmpi.o
       688        140          0          0          0        208   ddiv.o
        38          0          0          0          0         68   dflt_clz.o
       120          4          0          0          0         92   dleqf.o
       340         12          0          0          0        104   dmul.o
       156          4          0          0          0         92   dnaninf.o
        12          0          0          0          0         68   dretinf.o
        86          4          0          0          0         84   f2d.o
        24          0          0          0          0         68   fcmpi.o
       388         76          0          0          0         96   fdiv.o
        38          0          0          0          0         68   fflt_clz.o
       104          4          0          0          0         84   fleqf.o
       140          4          0          0          0         84   fnaninf.o
        10          0          0          0          0         68   fretinf.o
        98          0          0          0          0         68   frleqf.o
         4          0          0          0          0         68   printf1.o
         0          0          0          0          0          0   usenofp.o
        40          0          0          0          0         68   fpclassify.o

    ----------------------------------------------------------------------
      7610        458        176          0         96       4276   Library Totals
        14          0          0          0          0          0   (incl. Padding)

    ----------------------------------------------------------------------

      Code (inc. data)   RO Data    RW Data    ZI Data      Debug   Library Name

      4384        190        176          0         96       2456   c_w.l
      3172        268          0          0          0       1752   fz_ws.l
        40          0          0          0          0         68   m_ws.l

    ----------------------------------------------------------------------
      7610        458        176          0         96       4276   Library Totals

    ----------------------------------------------------------------------

==============================================================================


      Code (inc. data)   RO Data    RW Data    ZI Data      Debug   

     14968       1248        956        124       2676     365278   Grand Totals
     14968       1248        956        124       2676     365278   ELF Image Totals
     14968       1248        956        124          0          0   ROM Totals

==============================================================================

    Total RO  Size (Code + RO Data)                15924 (  15.55kB)
    Total RW  Size (RW Data + ZI Data)              2800 (   2.73kB)
    Total ROM Size (Code + RO Data + RW Data)      16048 (  15.67kB)

==============================================================================

